******************************************************************************
                  TI ARM Linker Unix v18.12.1                  
******************************************************************************
>> Linked Sat Jul 17 15:33:40 2021

OUTPUT FILE NAME:   <newproject.out>
ENTRY POINT SYMBOL: "_c_int00_noargs"  address: 00002fbd


MEMORY CONFIGURATION

         name            origin    length      used     unused   attr    fill
----------------------  --------  ---------  --------  --------  ----  --------
  FLASH                 00000000   00040000  00003586  0003ca7a  R  X
  SRAM                  20000000   00008000  00003078  00004f88  RW X


SEGMENT ALLOCATION MAP

run origin  load origin   length   init length attrs members
----------  ----------- ---------- ----------- ----- -------
00000000    00000000    00003588   00003588    r-x
  00000000    00000000    0000026c   0000026c    r-- .intvecs
  0000026c    0000026c    00002fe6   00002fe6    r-x .text
  00003254    00003254    0000020c   0000020c    r-- .const
  00003460    00003460    00000128   00000128    r-- .cinit
20000000    20000000    0000307c   00000000    rw-
  20000000    20000000    0000026c   00000000    rw- .vtable
  2000026c    2000026c    00002a78   00000000    rw- .bss
  20002ce8    20002ce8    00000200   00000000    rw- .stack
  20002ee8    20002ee8    00000194   00000000    rw- .data


SECTION ALLOCATION MAP

 output                                  attributes/
section   page    origin      length       input sections
--------  ----  ----------  ----------   ----------------
.intvecs   0    00000000    0000026c     
                  00000000    0000026c     tm4c123gh6pm_startup_ccs.obj (.intvecs)

.text      0    0000026c    00002fe6     
                  0000026c    0000100c     Stepper.obj (.text)
                  00001278    00000630     initialization.obj (.text)
                  000018a8    00000370     main.obj (.text)
                  00001c18    00000360     I2C_Slave.obj (.text)
                  00001f78    000001b6     rtsv7M4_T_le_v4SPD16_eabi.lib : fd_add_t2.asm.obj (.text)
                  0000212e    00000002     --HOLE-- [fill = 0]
                  00002130    00000174     servo.obj (.text)
                  000022a4    00000158     rtsv7M4_T_le_v4SPD16_eabi.lib : e_sqrt.c.obj (.text:sqrt)
                  000023fc    00000136                                   : fd_div_t2.asm.obj (.text)
                  00002532    00000132     driverlib.lib : gpio.obj (.text:GPIOPadConfigSet)
                  00002664    00000110                   : sysctl.obj (.text:SysCtlClockGet)
                  00002774    000000fc     rtsv7M4_T_le_v4SPD16_eabi.lib : fd_mul_t2.asm.obj (.text)
                  00002870    000000f4     driverlib.lib : sysctl.obj (.text:SysCtlClockSet)
                  00002964    0000009c     rtsv7M4_T_le_v4SPD16_eabi.lib : memcpy_t2.asm.obj (.text)
                  00002a00    00000086                                   : fd_cmp_t2.asm.obj (.text:__aeabi_cdcmple)
                  00002a86    00000086                                   : fd_cmp_t2.asm.obj (.text:__aeabi_cdrcmple)
                  00002b0c    0000007a                                   : memset_t2.asm.obj (.text)
                  00002b86    0000006e                                   : fd_tos_t2.asm.obj (.text)
                  00002bf4    00000068     driverlib.lib : interrupt.obj (.text:IntEnable)
                  00002c5c    00000068     rtsv7M4_T_le_v4SPD16_eabi.lib : copy_decompress_lzss.c.obj (.text:decompress:lzss:__TI_decompress_lzss)
                  00002cc4    00000060     driverlib.lib : timer.obj (.text:TimerConfigure)
                  00002d24    00000054     Delay.obj (.text)
                  00002d78    00000050     driverlib.lib : sysctl.obj (.text:SysCtlPeripheralReset)
                  00002dc8    0000004c                   : timer.obj (.text:_TimerIntNumberGet)
                  00002e14    00000048                   : gpio.obj (.text:GPIOPinConfigure)
                  00002e5c    00000044     rtsv7M4_T_le_v4SPD16_eabi.lib : autoinit.c.obj (.text:__TI_auto_init_nobinit_nopinit:__TI_auto_init_nobinit_nopinit)
                  00002ea0    00000044                                   : fd_tou_t2.asm.obj (.text)
                  00002ee4    00000038     driverlib.lib : sysctl.obj (.text:SysCtlPeripheralReady)
                  00002f1c    00000038     rtsv7M4_T_le_v4SPD16_eabi.lib : fs_tod_t2.asm.obj (.text)
                  00002f54    00000034     driverlib.lib : interrupt.obj (.text:IntRegister)
                  00002f88    00000034                   : sysctl.obj (.text:SysCtlPeripheralEnable)
                  00002fbc    00000034     rtsv7M4_T_le_v4SPD16_eabi.lib : boot_cortex_m.c.obj (.text:_c_int00_noargs:_c_int00_noargs)
                  00002ff0    0000002e                                   : i_tofd_t2.asm.obj (.text)
                  0000301e    0000002a     driverlib.lib : gpio.obj (.text:GPIODirModeSet)
                  00003048    00000022                   : pwm.obj (.text:PWMGenConfigure)
                  0000306a    00000020     rtsv7M4_T_le_v4SPD16_eabi.lib : u_tofd_t2.asm.obj (.text)
                  0000308a    0000001e     driverlib.lib : pwm.obj (.text:PWMPulseWidthSet)
                  000030a8    00000018                   : gpio.obj (.text:GPIOPinTypeGPIOOutput)
                  000030c0    00000018                   : sysctl.obj (.text:SysCtlPWMClockGet)
                  000030d8    00000018                   : timer.obj (.text:TimerDisable)
                  000030f0    00000018                   : timer.obj (.text:TimerIntRegister)
                  00003108    00000014                   : sysctl.obj (.text:SysCtlPWMClockSet)
                  0000311c    00000012                   : gpio.obj (.text:GPIOPinTypeGPIOInput)
                  0000312e    00000012                   : gpio.obj (.text:GPIOPinTypeI2C)
                  00003140    00000012                   : gpio.obj (.text:GPIOPinTypeI2CSCL)
                  00003152    00000012                   : gpio.obj (.text:GPIOPinTypePWM)
                  00003164    00000012                   : pwm.obj (.text:PWMOutputState)
                  00003176    00000012                   : timer.obj (.text:TimerLoadSet)
                  00003188    00000010                   : i2c.obj (.text:I2CSlaveEnable)
                  00003198    00000010                   : pwm.obj (.text:PWMGenPeriodSet)
                  000031a8    0000000e                   : i2c.obj (.text:I2CSlaveInit)
                  000031b6    0000000e                   : timer.obj (.text:TimerEnable)
                  000031c4    0000000e     rtsv7M4_T_le_v4SPD16_eabi.lib : copy_decompress_none.c.obj (.text:decompress:none:__TI_decompress_none)
                  000031d2    0000000c     driverlib.lib : i2c.obj (.text:I2CSlaveIntEnableEx)
                  000031de    0000000c                   : pwm.obj (.text:PWMGenDisable)
                  000031ea    0000000c                   : pwm.obj (.text:PWMGenEnable)
                  000031f6    0000000c     rtsv7M4_T_le_v4SPD16_eabi.lib : copy_zero_init.c.obj (.text:decompress:ZI:__TI_zero_init)
                  00003202    0000000c     tm4c123gh6pm_startup_ccs.obj (.text)
                  0000320e    00000008     driverlib.lib : i2c.obj (.text:I2CSlaveIntClear)
                  00003216    00000008                   : timer.obj (.text:TimerIntEnable)
                  0000321e    00000002     --HOLE-- [fill = 0]
                  00003220    00000008     rtsv7M4_T_le_v4SPD16_eabi.lib : errno.c.obj (.text:__aeabi_errno_addr)
                  00003228    00000006     driverlib.lib : gpio.obj (.text:GPIOPinRead)
                  0000322e    00000006                   : gpio.obj (.text:GPIOPinWrite)
                  00003234    00000006                   : i2c.obj (.text:I2CSlaveDataGet)
                  0000323a    00000006                   : i2c.obj (.text:I2CSlaveStatus)
                  00003240    00000006                   : sysctl.obj (.text:SysCtlDelay)
                  00003246    00000004                   : timer.obj (.text:TimerIntClear)
                  0000324a    00000004     rtsv7M4_T_le_v4SPD16_eabi.lib : pre_init.c.obj (.text:_system_pre_init)
                  0000324e    00000004                                   : exit.c.obj (.text:abort:abort)

.const     0    00003254    0000020c     
                  00003254    00000090     driverlib.lib : gpio.obj (.const:g_pui32GPIOBaseAddrs)
                  000032e4    00000070                   : interrupt.obj (.const)
                  00003354    0000006c                   : sysctl.obj (.const:g_pui32Xtals)
                  000033c0    00000060                   : timer.obj (.const:g_ppui32TimerIntMap)
                  00003420    00000040                   : timer.obj (.const:g_ppui32TimerIntMapSnowflake)

.cinit     0    00003460    00000128     
                  00003460    000000f0     (.cinit..data.load) [load image, compression = lzss]
                  00003550    0000000c     (__TI_handler_table)
                  0000355c    00000004     --HOLE-- [fill = 0]
                  00003560    00000008     (.cinit..bss.load) [load image, compression = zero_init]
                  00003568    00000008     (.cinit..vtable.load) [load image, compression = zero_init]
                  00003570    00000018     (__TI_cinit_table)

.init_array 
*          0    00000000    00000000     UNINITIALIZED

.vtable    0    20000000    0000026c     UNINITIALIZED
                  20000000    0000026c     driverlib.lib : interrupt.obj (.vtable)

.bss       0    2000026c    00002a78     UNINITIALIZED
                  2000026c    00000e10     (.common:path1)
                  2000107c    00000e10     (.common:path2)
                  20001e8c    00000e10     (.common:path3)
                  20002c9c    00000004     (.common:PWMClock)
                  20002ca0    00000004     (.common:PWM_Divider)
                  20002ca4    00000004     (.common:load)
                  20002ca8    00000004     (.common:pulseDuration)
                  20002cac    00000004     (.common:pulseDuration_Max)
                  20002cb0    00000004     (.common:pulseDuration_Min)
                  20002cb4    00000004     (.common:requiredSpeed1)
                  20002cb8    00000004     (.common:requiredSpeed2)
                  20002cbc    00000004     (.common:requiredSpeed3)
                  20002cc0    00000004     (.common:servo_angle)
                  20002cc4    00000004     (.common:stepInterval1)
                  20002cc8    00000004     (.common:stepInterval2)
                  20002ccc    00000004     (.common:stepInterval3)
                  20002cd0    00000004     (.common:theta_mergedData)
                  20002cd4    00000004     (.common:time2)
                  20002cd8    00000004     (.common:time4)
                  20002cdc    00000004     (.common:time6)
                  20002ce0    00000004     (.common:vel_acc_mergedData)

.data      0    20002ee8    00000194     UNINITIALIZED
                  20002ee8    000000fc     initialization.obj (.data:homingPath)
                  20002fe4    00000094     initialization.obj (.data)
                  20003078    00000004     rtsv7M4_T_le_v4SPD16_eabi.lib : errno.c.obj (.data)

.stack     0    20002ce8    00000200     UNINITIALIZED
                  20002ce8    00000004     rtsv7M4_T_le_v4SPD16_eabi.lib : boot_cortex_m.c.obj (.stack)
                  20002cec    000001fc     --HOLE--

MODULE SUMMARY

       Module                         code    ro data   rw data
       ------                         ----    -------   -------
    ./
       I2C_Slave.obj                  864     0         10836  
       Stepper.obj                    4108    0         0      
       initialization.obj             1584    0         436    
       main.obj                       880     0         0      
       tm4c123gh6pm_startup_ccs.obj   12      620       0      
       servo.obj                      372     0         0      
       Delay.obj                      84      0         0      
    +--+------------------------------+-------+---------+---------+
       Total:                         7904    620       11272  
                                                               
    /Applications/ti/SW-TM4C-2.1.4.178/driverlib/ccs/Debug/driverlib.lib
       interrupt.obj                  156     112       620    
       sysctl.obj                     754     108       0      
       gpio.obj                       528     144       0      
       timer.obj                      264     160       0      
       pwm.obj                        122     0         0      
       i2c.obj                        62      0         0      
    +--+------------------------------+-------+---------+---------+
       Total:                         1886    524       620    
                                                               
    /Applications/ti/ccs901/ccs/tools/compiler/ti-cgt-arm_18.12.1.LTS/lib/rtsv7M4_T_le_v4SPD16_eabi.lib
       fd_add_t2.asm.obj              438     0         0      
       e_sqrt.c.obj                   344     0         0      
       fd_div_t2.asm.obj              310     0         0      
       fd_cmp_t2.asm.obj              268     0         0      
       fd_mul_t2.asm.obj              252     0         0      
       memcpy_t2.asm.obj              156     0         0      
       memset_t2.asm.obj              122     0         0      
       fd_tos_t2.asm.obj              110     0         0      
       copy_decompress_lzss.c.obj     104     0         0      
       autoinit.c.obj                 68      0         0      
       fd_tou_t2.asm.obj              68      0         0      
       fs_tod_t2.asm.obj              56      0         0      
       boot_cortex_m.c.obj            52      0         0      
       i_tofd_t2.asm.obj              46      0         0      
       u_tofd_t2.asm.obj              32      0         0      
       copy_decompress_none.c.obj     14      0         0      
       copy_zero_init.c.obj           12      0         0      
       errno.c.obj                    8       0         4      
       exit.c.obj                     4       0         0      
       pre_init.c.obj                 4       0         0      
    +--+------------------------------+-------+---------+---------+
       Total:                         2468    0         4      
                                                               
       Stack:                         0       0         512    
       Linker Generated:              0       292       0      
    +--+------------------------------+-------+---------+---------+
       Grand Total:                   12258   1436      12408  


LINKER GENERATED COPY TABLES

__TI_cinit_table @ 00003570 records: 3, size/record: 8, table size: 24
	.data: load addr=00003460, load size=000000f0 bytes, run addr=20002ee8, run size=00000194 bytes, compression=lzss
	.bss: load addr=00003560, load size=00000008 bytes, run addr=2000026c, run size=00002a78 bytes, compression=zero_init
	.vtable: load addr=00003568, load size=00000008 bytes, run addr=20000000, run size=0000026c bytes, compression=zero_init


LINKER GENERATED HANDLER TABLE

__TI_handler_table @ 00003550 records: 3, size/record: 4, table size: 12
	index: 0, handler: __TI_zero_init
	index: 1, handler: __TI_decompress_lzss
	index: 2, handler: __TI_decompress_none


GLOBAL SYMBOLS: SORTED ALPHABETICALLY BY Name 

address   name                          
-------   ----                          
0000324f  C$$EXIT                       
0000301f  GPIODirModeSet                
00002533  GPIOPadConfigSet              
00002e15  GPIOPinConfigure              
00003229  GPIOPinRead                   
0000311d  GPIOPinTypeGPIOInput          
000030a9  GPIOPinTypeGPIOOutput         
0000312f  GPIOPinTypeI2C                
00003141  GPIOPinTypeI2CSCL             
00003153  GPIOPinTypePWM                
0000322f  GPIOPinWrite                  
00001c6b  I2CReceive                    
00003235  I2CSlaveDataGet               
00003189  I2CSlaveEnable                
000031a9  I2CSlaveInit                  
0000320f  I2CSlaveIntClear              
000031d3  I2CSlaveIntEnableEx           
0000323b  I2CSlaveStatus                
20003070  I2C_servo_first               
00001279  InitI2C0                      
00002bf5  IntEnable                     
00002f55  IntRegister                   
0000140f  Interrupt_Handler1            
0000142b  Interrupt_Handler2            
0000143d  Interrupt_Handler3            
00001459  Interrupt_Handler4            
0000146b  Interrupt_Handler5            
00001489  Interrupt_Handler6            
0000026d  Move_double                   
20002c9c  PWMClock                      
00003049  PWMGenConfigure               
000031df  PWMGenDisable                 
000031eb  PWMGenEnable                  
00003199  PWMGenPeriodSet               
00003165  PWMOutputState                
0000308b  PWMPulseWidthSet              
20002ca0  PWM_Divider                   
000021bd  PWM_DividerGet                
00001339  Ports_Init                    
00003203  ResetISR                      
00002665  SysCtlClockGet                
00002871  SysCtlClockSet                
00003241  SysCtlDelay                   
000030c1  SysCtlPWMClockGet             
00003109  SysCtlPWMClockSet             
00002f89  SysCtlPeripheralEnable        
00002ee5  SysCtlPeripheralReady         
00002d79  SysCtlPeripheralReset         
2000305c  TimeSlice                     
00002cc5  TimerConfigure                
000030d9  TimerDisable                  
000031b7  TimerEnable                   
00003247  TimerIntClear                 
00003217  TimerIntEnable                
000030f1  TimerIntRegister              
00003177  TimerLoadSet                  
000014d9  Timer_Init                    
20002ee8  __STACK_END                   
00000200  __STACK_SIZE                  
20002ee8  __STACK_TOP                   
00003570  __TI_CINIT_Base               
00003588  __TI_CINIT_Limit              
00003550  __TI_Handler_Table_Base       
0000355c  __TI_Handler_Table_Limit      
00002e5d  __TI_auto_init_nobinit_nopinit
00002c5d  __TI_decompress_lzss          
000031c5  __TI_decompress_none          
ffffffff  __TI_pprof_out_hndl           
ffffffff  __TI_prof_data_size           
ffffffff  __TI_prof_data_start          
00000000  __TI_static_base__            
000031f7  __TI_zero_init                
00002a01  __aeabi_cdcmpeq               
00002a01  __aeabi_cdcmple               
00002a87  __aeabi_cdrcmple              
00002b87  __aeabi_d2f                   
00002ea1  __aeabi_d2uiz                 
00001f83  __aeabi_dadd                  
000023fd  __aeabi_ddiv                  
00002775  __aeabi_dmul                  
00001f79  __aeabi_dsub                  
00003221  __aeabi_errno_addr            
00002f1d  __aeabi_f2d                   
00002ff1  __aeabi_i2d                   
00002b0d  __aeabi_memclr                
00002b0d  __aeabi_memclr4               
00002b0d  __aeabi_memclr8               
00002965  __aeabi_memcpy                
00002965  __aeabi_memcpy4               
00002965  __aeabi_memcpy8               
00002b0f  __aeabi_memset                
00002b0f  __aeabi_memset4               
00002b0f  __aeabi_memset8               
0000306b  __aeabi_ui2d                  
ffffffff  __binit__                     
ffffffff  __c_args__                    
UNDEFED   __mpu_init                    
20002ce8  __stack                       
00002fbd  _c_int00_noargs               
UNDEFED   _system_post_cinit            
0000324b  _system_pre_init              
0000324f  abort                         
20003008  accelerating1                 
2000300c  accelerating2                 
20003010  accelerating3                 
ffffffff  binit                         
00002d25  delayMs                       
00002d57  delayNs                       
00002d3f  delayUs                       
20003078  errno                         
20003040  falling_edge1                 
20003048  falling_edge2                 
20003050  falling_edge3                 
20003058  first                         
20000000  g_pfnRAMVectors               
00000000  g_pfnVectors                  
00000d4d  home                          
20002ee8  homingPath                    
000012c5  init_PWM                      
20002ca4  load                          
000018a9  main                          
00002965  memcpy                        
00002b15  memset                        
20003074  microStep                     
00001711  microStepInit                 
20003030  motor1globalsteps             
20003034  motor2globalsteps             
20003038  motor3globalsteps             
20003068  nextIndex                     
20003024  oldAccel1                     
20003028  oldAccel2                     
2000302c  oldAccel3                     
20003014  oldSpeed                      
20003018  oldSpeed1                     
2000301c  oldSpeed2                     
20003020  oldSpeed3                     
20002ffc  oldstep                       
20003000  oldstep2                      
20003004  oldstep3                      
2000026c  path1                         
2000107c  path2                         
20001e8c  path3                         
20003054  path_iterator                 
20002ca8  pulseDuration                 
00002229  pulseDurationComputation      
20002cac  pulseDuration_Max             
20002cb0  pulseDuration_Min             
20002cb4  requiredSpeed1                
20002cb8  requiredSpeed2                
20002cbc  requiredSpeed3                
2000303c  rising_edge1                  
20003044  rising_edge2                  
2000304c  rising_edge3                  
00002131  servoActuation                
2000306c  servoFirstIndex               
20002cc0  servo_angle                   
000022a5  sqrt                          
000022a5  sqrtl                         
20002cc4  stepInterval1                 
20002cc8  stepInterval2                 
20002ccc  stepInterval3                 
20002ff0  steps1ToGo                    
20002ff4  steps2ToGo                    
20002ff8  steps3ToGo                    
20003060  suctionStartIndex             
20003064  suctionStopIndex              
20002cd0  theta_mergedData              
00001c19  theta_mergingData             
20002fe4  time1                         
20002cd4  time2                         
20002fe8  time3                         
20002cd8  time4                         
20002fec  time5                         
20002cdc  time6                         
20002ce0  vel_acc_mergedData            
00001c49  vel_acc_mergingData           


GLOBAL SYMBOLS: SORTED BY Symbol Address 

address   name                          
-------   ----                          
00000000  __TI_static_base__            
00000000  g_pfnVectors                  
00000200  __STACK_SIZE                  
0000026d  Move_double                   
00000d4d  home                          
00001279  InitI2C0                      
000012c5  init_PWM                      
00001339  Ports_Init                    
0000140f  Interrupt_Handler1            
0000142b  Interrupt_Handler2            
0000143d  Interrupt_Handler3            
00001459  Interrupt_Handler4            
0000146b  Interrupt_Handler5            
00001489  Interrupt_Handler6            
000014d9  Timer_Init                    
00001711  microStepInit                 
000018a9  main                          
00001c19  theta_mergingData             
00001c49  vel_acc_mergingData           
00001c6b  I2CReceive                    
00001f79  __aeabi_dsub                  
00001f83  __aeabi_dadd                  
00002131  servoActuation                
000021bd  PWM_DividerGet                
00002229  pulseDurationComputation      
000022a5  sqrt                          
000022a5  sqrtl                         
000023fd  __aeabi_ddiv                  
00002533  GPIOPadConfigSet              
00002665  SysCtlClockGet                
00002775  __aeabi_dmul                  
00002871  SysCtlClockSet                
00002965  __aeabi_memcpy                
00002965  __aeabi_memcpy4               
00002965  __aeabi_memcpy8               
00002965  memcpy                        
00002a01  __aeabi_cdcmpeq               
00002a01  __aeabi_cdcmple               
00002a87  __aeabi_cdrcmple              
00002b0d  __aeabi_memclr                
00002b0d  __aeabi_memclr4               
00002b0d  __aeabi_memclr8               
00002b0f  __aeabi_memset                
00002b0f  __aeabi_memset4               
00002b0f  __aeabi_memset8               
00002b15  memset                        
00002b87  __aeabi_d2f                   
00002bf5  IntEnable                     
00002c5d  __TI_decompress_lzss          
00002cc5  TimerConfigure                
00002d25  delayMs                       
00002d3f  delayUs                       
00002d57  delayNs                       
00002d79  SysCtlPeripheralReset         
00002e15  GPIOPinConfigure              
00002e5d  __TI_auto_init_nobinit_nopinit
00002ea1  __aeabi_d2uiz                 
00002ee5  SysCtlPeripheralReady         
00002f1d  __aeabi_f2d                   
00002f55  IntRegister                   
00002f89  SysCtlPeripheralEnable        
00002fbd  _c_int00_noargs               
00002ff1  __aeabi_i2d                   
0000301f  GPIODirModeSet                
00003049  PWMGenConfigure               
0000306b  __aeabi_ui2d                  
0000308b  PWMPulseWidthSet              
000030a9  GPIOPinTypeGPIOOutput         
000030c1  SysCtlPWMClockGet             
000030d9  TimerDisable                  
000030f1  TimerIntRegister              
00003109  SysCtlPWMClockSet             
0000311d  GPIOPinTypeGPIOInput          
0000312f  GPIOPinTypeI2C                
00003141  GPIOPinTypeI2CSCL             
00003153  GPIOPinTypePWM                
00003165  PWMOutputState                
00003177  TimerLoadSet                  
00003189  I2CSlaveEnable                
00003199  PWMGenPeriodSet               
000031a9  I2CSlaveInit                  
000031b7  TimerEnable                   
000031c5  __TI_decompress_none          
000031d3  I2CSlaveIntEnableEx           
000031df  PWMGenDisable                 
000031eb  PWMGenEnable                  
000031f7  __TI_zero_init                
00003203  ResetISR                      
0000320f  I2CSlaveIntClear              
00003217  TimerIntEnable                
00003221  __aeabi_errno_addr            
00003229  GPIOPinRead                   
0000322f  GPIOPinWrite                  
00003235  I2CSlaveDataGet               
0000323b  I2CSlaveStatus                
00003241  SysCtlDelay                   
00003247  TimerIntClear                 
0000324b  _system_pre_init              
0000324f  C$$EXIT                       
0000324f  abort                         
00003550  __TI_Handler_Table_Base       
0000355c  __TI_Handler_Table_Limit      
00003570  __TI_CINIT_Base               
00003588  __TI_CINIT_Limit              
20000000  g_pfnRAMVectors               
2000026c  path1                         
2000107c  path2                         
20001e8c  path3                         
20002c9c  PWMClock                      
20002ca0  PWM_Divider                   
20002ca4  load                          
20002ca8  pulseDuration                 
20002cac  pulseDuration_Max             
20002cb0  pulseDuration_Min             
20002cb4  requiredSpeed1                
20002cb8  requiredSpeed2                
20002cbc  requiredSpeed3                
20002cc0  servo_angle                   
20002cc4  stepInterval1                 
20002cc8  stepInterval2                 
20002ccc  stepInterval3                 
20002cd0  theta_mergedData              
20002cd4  time2                         
20002cd8  time4                         
20002cdc  time6                         
20002ce0  vel_acc_mergedData            
20002ce8  __stack                       
20002ee8  __STACK_END                   
20002ee8  __STACK_TOP                   
20002ee8  homingPath                    
20002fe4  time1                         
20002fe8  time3                         
20002fec  time5                         
20002ff0  steps1ToGo                    
20002ff4  steps2ToGo                    
20002ff8  steps3ToGo                    
20002ffc  oldstep                       
20003000  oldstep2                      
20003004  oldstep3                      
20003008  accelerating1                 
2000300c  accelerating2                 
20003010  accelerating3                 
20003014  oldSpeed                      
20003018  oldSpeed1                     
2000301c  oldSpeed2                     
20003020  oldSpeed3                     
20003024  oldAccel1                     
20003028  oldAccel2                     
2000302c  oldAccel3                     
20003030  motor1globalsteps             
20003034  motor2globalsteps             
20003038  motor3globalsteps             
2000303c  rising_edge1                  
20003040  falling_edge1                 
20003044  rising_edge2                  
20003048  falling_edge2                 
2000304c  rising_edge3                  
20003050  falling_edge3                 
20003054  path_iterator                 
20003058  first                         
2000305c  TimeSlice                     
20003060  suctionStartIndex             
20003064  suctionStopIndex              
20003068  nextIndex                     
2000306c  servoFirstIndex               
20003070  I2C_servo_first               
20003074  microStep                     
20003078  errno                         
ffffffff  __TI_pprof_out_hndl           
ffffffff  __TI_prof_data_size           
ffffffff  __TI_prof_data_start          
ffffffff  __binit__                     
ffffffff  __c_args__                    
ffffffff  binit                         
UNDEFED   __mpu_init                    
UNDEFED   _system_post_cinit            

[176 symbols]
