<?xml version="1.0" encoding="ISO-8859-1" ?>
<link_info>
   <banner>TI ARM Linker Unix v18.12.1.LTS</banner>
   <copyright>Copyright (c) 1996-2018 Texas Instruments Incorporated</copyright>
   <link_time>0x60f2dc34</link_time>
   <link_errors>0x0</link_errors>
   <output_file>newproject.out</output_file>
   <entry_point>
      <name>_c_int00_noargs</name>
      <address>0x2fbd</address>
   </entry_point>
   <input_file_list>
      <input_file id="fl-1">
         <path>./</path>
         <kind>object</kind>
         <file>Delay.obj</file>
         <name>Delay.obj</name>
      </input_file>
      <input_file id="fl-2">
         <path>./</path>
         <kind>object</kind>
         <file>I2C_Slave.obj</file>
         <name>I2C_Slave.obj</name>
      </input_file>
      <input_file id="fl-3">
         <path>./</path>
         <kind>object</kind>
         <file>Stepper.obj</file>
         <name>Stepper.obj</name>
      </input_file>
      <input_file id="fl-4">
         <path>./</path>
         <kind>object</kind>
         <file>initialization.obj</file>
         <name>initialization.obj</name>
      </input_file>
      <input_file id="fl-5">
         <path>./</path>
         <kind>object</kind>
         <file>main.obj</file>
         <name>main.obj</name>
      </input_file>
      <input_file id="fl-6">
         <path>./</path>
         <kind>object</kind>
         <file>servo.obj</file>
         <name>servo.obj</name>
      </input_file>
      <input_file id="fl-7">
         <path>./</path>
         <kind>object</kind>
         <file>tm4c123gh6pm_startup_ccs.obj</file>
         <name>tm4c123gh6pm_startup_ccs.obj</name>
      </input_file>
      <input_file id="fl-c">
         <kind>object</kind>
         <file>&lt;internal&gt;</file>
         <name>&lt;internal&gt;</name>
      </input_file>
      <input_file id="fl-c2">
         <path>/Applications/ti/ccs901/ccs/tools/compiler/ti-cgt-arm_18.12.1.LTS/lib/</path>
         <kind>archive</kind>
         <file>rtsv7M4_T_le_v4SPD16_eabi.lib</file>
         <name>e_sqrt.c.obj</name>
      </input_file>
      <input_file id="fl-c3">
         <path>/Applications/ti/ccs901/ccs/tools/compiler/ti-cgt-arm_18.12.1.LTS/lib/</path>
         <kind>archive</kind>
         <file>rtsv7M4_T_le_v4SPD16_eabi.lib</file>
         <name>fd_add_t2.asm.obj</name>
      </input_file>
      <input_file id="fl-c4">
         <path>/Applications/ti/ccs901/ccs/tools/compiler/ti-cgt-arm_18.12.1.LTS/lib/</path>
         <kind>archive</kind>
         <file>rtsv7M4_T_le_v4SPD16_eabi.lib</file>
         <name>fd_cmp_t2.asm.obj</name>
      </input_file>
      <input_file id="fl-c5">
         <path>/Applications/ti/ccs901/ccs/tools/compiler/ti-cgt-arm_18.12.1.LTS/lib/</path>
         <kind>archive</kind>
         <file>rtsv7M4_T_le_v4SPD16_eabi.lib</file>
         <name>fd_div_t2.asm.obj</name>
      </input_file>
      <input_file id="fl-c6">
         <path>/Applications/ti/ccs901/ccs/tools/compiler/ti-cgt-arm_18.12.1.LTS/lib/</path>
         <kind>archive</kind>
         <file>rtsv7M4_T_le_v4SPD16_eabi.lib</file>
         <name>fd_mul_t2.asm.obj</name>
      </input_file>
      <input_file id="fl-c7">
         <path>/Applications/ti/ccs901/ccs/tools/compiler/ti-cgt-arm_18.12.1.LTS/lib/</path>
         <kind>archive</kind>
         <file>rtsv7M4_T_le_v4SPD16_eabi.lib</file>
         <name>fd_tos_t2.asm.obj</name>
      </input_file>
      <input_file id="fl-c8">
         <path>/Applications/ti/ccs901/ccs/tools/compiler/ti-cgt-arm_18.12.1.LTS/lib/</path>
         <kind>archive</kind>
         <file>rtsv7M4_T_le_v4SPD16_eabi.lib</file>
         <name>fd_tou_t2.asm.obj</name>
      </input_file>
      <input_file id="fl-c9">
         <path>/Applications/ti/ccs901/ccs/tools/compiler/ti-cgt-arm_18.12.1.LTS/lib/</path>
         <kind>archive</kind>
         <file>rtsv7M4_T_le_v4SPD16_eabi.lib</file>
         <name>fs_tod_t2.asm.obj</name>
      </input_file>
      <input_file id="fl-ca">
         <path>/Applications/ti/ccs901/ccs/tools/compiler/ti-cgt-arm_18.12.1.LTS/lib/</path>
         <kind>archive</kind>
         <file>rtsv7M4_T_le_v4SPD16_eabi.lib</file>
         <name>i_tofd_t2.asm.obj</name>
      </input_file>
      <input_file id="fl-cb">
         <path>/Applications/ti/ccs901/ccs/tools/compiler/ti-cgt-arm_18.12.1.LTS/lib/</path>
         <kind>archive</kind>
         <file>rtsv7M4_T_le_v4SPD16_eabi.lib</file>
         <name>u_tofd_t2.asm.obj</name>
      </input_file>
      <input_file id="fl-cc">
         <path>/Applications/ti/ccs901/ccs/tools/compiler/ti-cgt-arm_18.12.1.LTS/lib/</path>
         <kind>archive</kind>
         <file>rtsv7M4_T_le_v4SPD16_eabi.lib</file>
         <name>copy_zero_init.c.obj</name>
      </input_file>
      <input_file id="fl-cd">
         <path>/Applications/ti/ccs901/ccs/tools/compiler/ti-cgt-arm_18.12.1.LTS/lib/</path>
         <kind>archive</kind>
         <file>rtsv7M4_T_le_v4SPD16_eabi.lib</file>
         <name>copy_decompress_none.c.obj</name>
      </input_file>
      <input_file id="fl-ce">
         <path>/Applications/ti/ccs901/ccs/tools/compiler/ti-cgt-arm_18.12.1.LTS/lib/</path>
         <kind>archive</kind>
         <file>rtsv7M4_T_le_v4SPD16_eabi.lib</file>
         <name>copy_decompress_lzss.c.obj</name>
      </input_file>
      <input_file id="fl-cf">
         <path>/Applications/ti/ccs901/ccs/tools/compiler/ti-cgt-arm_18.12.1.LTS/lib/</path>
         <kind>archive</kind>
         <file>rtsv7M4_T_le_v4SPD16_eabi.lib</file>
         <name>errno.c.obj</name>
      </input_file>
      <input_file id="fl-d0">
         <path>/Applications/ti/ccs901/ccs/tools/compiler/ti-cgt-arm_18.12.1.LTS/lib/</path>
         <kind>archive</kind>
         <file>rtsv7M4_T_le_v4SPD16_eabi.lib</file>
         <name>boot_cortex_m.c.obj</name>
      </input_file>
      <input_file id="fl-d1">
         <path>/Applications/ti/ccs901/ccs/tools/compiler/ti-cgt-arm_18.12.1.LTS/lib/</path>
         <kind>archive</kind>
         <file>rtsv7M4_T_le_v4SPD16_eabi.lib</file>
         <name>memcpy_t2.asm.obj</name>
      </input_file>
      <input_file id="fl-d2">
         <path>/Applications/ti/ccs901/ccs/tools/compiler/ti-cgt-arm_18.12.1.LTS/lib/</path>
         <kind>archive</kind>
         <file>rtsv7M4_T_le_v4SPD16_eabi.lib</file>
         <name>memset_t2.asm.obj</name>
      </input_file>
      <input_file id="fl-d3">
         <path>/Applications/ti/ccs901/ccs/tools/compiler/ti-cgt-arm_18.12.1.LTS/lib/</path>
         <kind>archive</kind>
         <file>rtsv7M4_T_le_v4SPD16_eabi.lib</file>
         <name>autoinit.c.obj</name>
      </input_file>
      <input_file id="fl-d4">
         <path>/Applications/ti/ccs901/ccs/tools/compiler/ti-cgt-arm_18.12.1.LTS/lib/</path>
         <kind>archive</kind>
         <file>rtsv7M4_T_le_v4SPD16_eabi.lib</file>
         <name>pre_init.c.obj</name>
      </input_file>
      <input_file id="fl-d5">
         <path>/Applications/ti/ccs901/ccs/tools/compiler/ti-cgt-arm_18.12.1.LTS/lib/</path>
         <kind>archive</kind>
         <file>rtsv7M4_T_le_v4SPD16_eabi.lib</file>
         <name>cpy_tbl.c.obj</name>
      </input_file>
      <input_file id="fl-d6">
         <path>/Applications/ti/ccs901/ccs/tools/compiler/ti-cgt-arm_18.12.1.LTS/lib/</path>
         <kind>archive</kind>
         <file>rtsv7M4_T_le_v4SPD16_eabi.lib</file>
         <name>exit.c.obj</name>
      </input_file>
      <input_file id="fl-d7">
         <path>/Applications/ti/ccs901/ccs/tools/compiler/ti-cgt-arm_18.12.1.LTS/lib/</path>
         <kind>archive</kind>
         <file>rtsv7M4_T_le_v4SPD16_eabi.lib</file>
         <name>_lock.c.obj</name>
      </input_file>
      <input_file id="fl-d8">
         <path>/Applications/ti/ccs901/ccs/tools/compiler/ti-cgt-arm_18.12.1.LTS/lib/</path>
         <kind>archive</kind>
         <file>rtsv7M4_T_le_v4SPD16_eabi.lib</file>
         <name>args_main.c.obj</name>
      </input_file>
      <input_file id="fl-d9">
         <path>/Applications/ti/SW-TM4C-2.1.4.178/driverlib/ccs/Debug/</path>
         <kind>archive</kind>
         <file>driverlib.lib</file>
         <name>gpio.obj</name>
      </input_file>
      <input_file id="fl-da">
         <path>/Applications/ti/SW-TM4C-2.1.4.178/driverlib/ccs/Debug/</path>
         <kind>archive</kind>
         <file>driverlib.lib</file>
         <name>i2c.obj</name>
      </input_file>
      <input_file id="fl-db">
         <path>/Applications/ti/SW-TM4C-2.1.4.178/driverlib/ccs/Debug/</path>
         <kind>archive</kind>
         <file>driverlib.lib</file>
         <name>interrupt.obj</name>
      </input_file>
      <input_file id="fl-dc">
         <path>/Applications/ti/SW-TM4C-2.1.4.178/driverlib/ccs/Debug/</path>
         <kind>archive</kind>
         <file>driverlib.lib</file>
         <name>pwm.obj</name>
      </input_file>
      <input_file id="fl-dd">
         <path>/Applications/ti/SW-TM4C-2.1.4.178/driverlib/ccs/Debug/</path>
         <kind>archive</kind>
         <file>driverlib.lib</file>
         <name>sysctl.obj</name>
      </input_file>
      <input_file id="fl-de">
         <path>/Applications/ti/SW-TM4C-2.1.4.178/driverlib/ccs/Debug/</path>
         <kind>archive</kind>
         <file>driverlib.lib</file>
         <name>timer.obj</name>
      </input_file>
      <input_file id="fl-df">
         <path>/Applications/ti/SW-TM4C-2.1.4.178/driverlib/ccs/Debug/</path>
         <kind>archive</kind>
         <file>driverlib.lib</file>
         <name>cpu.obj</name>
      </input_file>
   </input_file_list>
   <object_component_list>
      <object_component id="oc-f">
         <name>.intvecs</name>
         <load_address>0x0</load_address>
         <run_address>0x0</run_address>
         <size>0x26c</size>
         <input_file_ref idref="fl-7"/>
      </object_component>
      <object_component id="oc-de">
         <name>.text</name>
         <load_address>0x26c</load_address>
         <run_address>0x26c</run_address>
         <size>0x100c</size>
         <input_file_ref idref="fl-3"/>
      </object_component>
      <object_component id="oc-d2">
         <name>.text</name>
         <load_address>0x1278</load_address>
         <run_address>0x1278</run_address>
         <size>0x630</size>
         <input_file_ref idref="fl-4"/>
      </object_component>
      <object_component id="oc-98">
         <name>.text</name>
         <load_address>0x18a8</load_address>
         <run_address>0x18a8</run_address>
         <size>0x370</size>
         <input_file_ref idref="fl-5"/>
      </object_component>
      <object_component id="oc-e4">
         <name>.text</name>
         <load_address>0x1c18</load_address>
         <run_address>0x1c18</run_address>
         <size>0x360</size>
         <input_file_ref idref="fl-2"/>
      </object_component>
      <object_component id="oc-163">
         <name>.text</name>
         <load_address>0x1f78</load_address>
         <run_address>0x1f78</run_address>
         <size>0x1b6</size>
         <input_file_ref idref="fl-c3"/>
      </object_component>
      <object_component id="oc-cc">
         <name>.text</name>
         <load_address>0x2130</load_address>
         <run_address>0x2130</run_address>
         <size>0x174</size>
         <input_file_ref idref="fl-6"/>
      </object_component>
      <object_component id="oc-22f">
         <name>.text:sqrt</name>
         <load_address>0x22a4</load_address>
         <run_address>0x22a4</run_address>
         <size>0x158</size>
         <input_file_ref idref="fl-c2"/>
      </object_component>
      <object_component id="oc-f4">
         <name>.text</name>
         <load_address>0x23fc</load_address>
         <run_address>0x23fc</run_address>
         <size>0x136</size>
         <input_file_ref idref="fl-c5"/>
      </object_component>
      <object_component id="oc-2a1">
         <name>.text:GPIOPadConfigSet</name>
         <load_address>0x2532</load_address>
         <run_address>0x2532</run_address>
         <size>0x132</size>
         <input_file_ref idref="fl-d9"/>
      </object_component>
      <object_component id="oc-1b5">
         <name>.text:SysCtlClockGet</name>
         <load_address>0x2664</load_address>
         <run_address>0x2664</run_address>
         <size>0x110</size>
         <input_file_ref idref="fl-dd"/>
      </object_component>
      <object_component id="oc-f9">
         <name>.text</name>
         <load_address>0x2774</load_address>
         <run_address>0x2774</run_address>
         <size>0xfc</size>
         <input_file_ref idref="fl-c6"/>
      </object_component>
      <object_component id="oc-c0">
         <name>.text:SysCtlClockSet</name>
         <load_address>0x2870</load_address>
         <run_address>0x2870</run_address>
         <size>0xf4</size>
         <input_file_ref idref="fl-dd"/>
      </object_component>
      <object_component id="oc-38">
         <name>.text</name>
         <load_address>0x2964</load_address>
         <run_address>0x2964</run_address>
         <size>0x9c</size>
         <input_file_ref idref="fl-d1"/>
      </object_component>
      <object_component id="oc-21c">
         <name>.text:__aeabi_cdcmple</name>
         <load_address>0x2a00</load_address>
         <run_address>0x2a00</run_address>
         <size>0x86</size>
         <input_file_ref idref="fl-c4"/>
      </object_component>
      <object_component id="oc-221">
         <name>.text:__aeabi_cdrcmple</name>
         <load_address>0x2a86</load_address>
         <run_address>0x2a86</run_address>
         <size>0x86</size>
         <input_file_ref idref="fl-c4"/>
      </object_component>
      <object_component id="oc-8c">
         <name>.text</name>
         <load_address>0x2b0c</load_address>
         <run_address>0x2b0c</run_address>
         <size>0x7a</size>
         <input_file_ref idref="fl-d2"/>
      </object_component>
      <object_component id="oc-fe">
         <name>.text</name>
         <load_address>0x2b86</load_address>
         <run_address>0x2b86</run_address>
         <size>0x6e</size>
         <input_file_ref idref="fl-c7"/>
      </object_component>
      <object_component id="oc-2cf">
         <name>.text:IntEnable</name>
         <load_address>0x2bf4</load_address>
         <run_address>0x2bf4</run_address>
         <size>0x68</size>
         <input_file_ref idref="fl-db"/>
      </object_component>
      <object_component id="oc-12">
         <name>.text:decompress:lzss:__TI_decompress_lzss</name>
         <load_address>0x2c5c</load_address>
         <run_address>0x2c5c</run_address>
         <size>0x68</size>
         <input_file_ref idref="fl-ce"/>
      </object_component>
      <object_component id="oc-1f2">
         <name>.text:TimerConfigure</name>
         <load_address>0x2cc4</load_address>
         <run_address>0x2cc4</run_address>
         <size>0x60</size>
         <input_file_ref idref="fl-de"/>
      </object_component>
      <object_component id="oc-216">
         <name>.text</name>
         <load_address>0x2d24</load_address>
         <run_address>0x2d24</run_address>
         <size>0x54</size>
         <input_file_ref idref="fl-1"/>
      </object_component>
      <object_component id="oc-18b">
         <name>.text:SysCtlPeripheralReset</name>
         <load_address>0x2d78</load_address>
         <run_address>0x2d78</run_address>
         <size>0x50</size>
         <input_file_ref idref="fl-dd"/>
      </object_component>
      <object_component id="oc-2c3">
         <name>.text:_TimerIntNumberGet</name>
         <load_address>0x2dc8</load_address>
         <run_address>0x2dc8</run_address>
         <size>0x4c</size>
         <input_file_ref idref="fl-de"/>
      </object_component>
      <object_component id="oc-191">
         <name>.text:GPIOPinConfigure</name>
         <load_address>0x2e14</load_address>
         <run_address>0x2e14</run_address>
         <size>0x48</size>
         <input_file_ref idref="fl-d9"/>
      </object_component>
      <object_component id="oc-121">
         <name>.text:__TI_auto_init_nobinit_nopinit:__TI_auto_init_nobinit_nopinit</name>
         <load_address>0x2e5c</load_address>
         <run_address>0x2e5c</run_address>
         <size>0x44</size>
         <input_file_ref idref="fl-d3"/>
      </object_component>
      <object_component id="oc-168">
         <name>.text</name>
         <load_address>0x2ea0</load_address>
         <run_address>0x2ea0</run_address>
         <size>0x44</size>
         <input_file_ref idref="fl-c8"/>
      </object_component>
      <object_component id="oc-185">
         <name>.text:SysCtlPeripheralReady</name>
         <load_address>0x2ee4</load_address>
         <run_address>0x2ee4</run_address>
         <size>0x38</size>
         <input_file_ref idref="fl-dd"/>
      </object_component>
      <object_component id="oc-ea">
         <name>.text</name>
         <load_address>0x2f1c</load_address>
         <run_address>0x2f1c</run_address>
         <size>0x38</size>
         <input_file_ref idref="fl-c9"/>
      </object_component>
      <object_component id="oc-2c9">
         <name>.text:IntRegister</name>
         <load_address>0x2f54</load_address>
         <run_address>0x2f54</run_address>
         <size>0x34</size>
         <input_file_ref idref="fl-db"/>
      </object_component>
      <object_component id="oc-17f">
         <name>.text:SysCtlPeripheralEnable</name>
         <load_address>0x2f88</load_address>
         <run_address>0x2f88</run_address>
         <size>0x34</size>
         <input_file_ref idref="fl-dd"/>
      </object_component>
      <object_component id="oc-56">
         <name>.text:_c_int00_noargs:_c_int00_noargs</name>
         <load_address>0x2fbc</load_address>
         <run_address>0x2fbc</run_address>
         <size>0x34</size>
         <input_file_ref idref="fl-d0"/>
      </object_component>
      <object_component id="oc-ef">
         <name>.text</name>
         <load_address>0x2ff0</load_address>
         <run_address>0x2ff0</run_address>
         <size>0x2e</size>
         <input_file_ref idref="fl-ca"/>
      </object_component>
      <object_component id="oc-29b">
         <name>.text:GPIODirModeSet</name>
         <load_address>0x301e</load_address>
         <run_address>0x301e</run_address>
         <size>0x2a</size>
         <input_file_ref idref="fl-d9"/>
      </object_component>
      <object_component id="oc-1bb">
         <name>.text:PWMGenConfigure</name>
         <load_address>0x3048</load_address>
         <run_address>0x3048</run_address>
         <size>0x22</size>
         <input_file_ref idref="fl-dc"/>
      </object_component>
      <object_component id="oc-15e">
         <name>.text</name>
         <load_address>0x306a</load_address>
         <run_address>0x306a</run_address>
         <size>0x20</size>
         <input_file_ref idref="fl-cb"/>
      </object_component>
      <object_component id="oc-16d">
         <name>.text:PWMPulseWidthSet</name>
         <load_address>0x308a</load_address>
         <run_address>0x308a</run_address>
         <size>0x1e</size>
         <input_file_ref idref="fl-dc"/>
      </object_component>
      <object_component id="oc-1d3">
         <name>.text:GPIOPinTypeGPIOOutput</name>
         <load_address>0x30a8</load_address>
         <run_address>0x30a8</run_address>
         <size>0x18</size>
         <input_file_ref idref="fl-d9"/>
      </object_component>
      <object_component id="oc-173">
         <name>.text:SysCtlPWMClockGet</name>
         <load_address>0x30c0</load_address>
         <run_address>0x30c0</run_address>
         <size>0x18</size>
         <input_file_ref idref="fl-dd"/>
      </object_component>
      <object_component id="oc-1ec">
         <name>.text:TimerDisable</name>
         <load_address>0x30d8</load_address>
         <run_address>0x30d8</run_address>
         <size>0x18</size>
         <input_file_ref idref="fl-de"/>
      </object_component>
      <object_component id="oc-1fe">
         <name>.text:TimerIntRegister</name>
         <load_address>0x30f0</load_address>
         <run_address>0x30f0</run_address>
         <size>0x18</size>
         <input_file_ref idref="fl-de"/>
      </object_component>
      <object_component id="oc-c6">
         <name>.text:SysCtlPWMClockSet</name>
         <load_address>0x3108</load_address>
         <run_address>0x3108</run_address>
         <size>0x14</size>
         <input_file_ref idref="fl-dd"/>
      </object_component>
      <object_component id="oc-1df">
         <name>.text:GPIOPinTypeGPIOInput</name>
         <load_address>0x311c</load_address>
         <run_address>0x311c</run_address>
         <size>0x12</size>
         <input_file_ref idref="fl-d9"/>
      </object_component>
      <object_component id="oc-19d">
         <name>.text:GPIOPinTypeI2C</name>
         <load_address>0x312e</load_address>
         <run_address>0x312e</run_address>
         <size>0x12</size>
         <input_file_ref idref="fl-d9"/>
      </object_component>
      <object_component id="oc-197">
         <name>.text:GPIOPinTypeI2CSCL</name>
         <load_address>0x3140</load_address>
         <run_address>0x3140</run_address>
         <size>0x12</size>
         <input_file_ref idref="fl-d9"/>
      </object_component>
      <object_component id="oc-1d9">
         <name>.text:GPIOPinTypePWM</name>
         <load_address>0x3152</load_address>
         <run_address>0x3152</run_address>
         <size>0x12</size>
         <input_file_ref idref="fl-d9"/>
      </object_component>
      <object_component id="oc-1cd">
         <name>.text:PWMOutputState</name>
         <load_address>0x3164</load_address>
         <run_address>0x3164</run_address>
         <size>0x12</size>
         <input_file_ref idref="fl-dc"/>
      </object_component>
      <object_component id="oc-1f8">
         <name>.text:TimerLoadSet</name>
         <load_address>0x3176</load_address>
         <run_address>0x3176</run_address>
         <size>0x12</size>
         <input_file_ref idref="fl-de"/>
      </object_component>
      <object_component id="oc-2ab">
         <name>.text:I2CSlaveEnable</name>
         <load_address>0x3188</load_address>
         <run_address>0x3188</run_address>
         <size>0x10</size>
         <input_file_ref idref="fl-da"/>
      </object_component>
      <object_component id="oc-1c1">
         <name>.text:PWMGenPeriodSet</name>
         <load_address>0x3198</load_address>
         <run_address>0x3198</run_address>
         <size>0x10</size>
         <input_file_ref idref="fl-dc"/>
      </object_component>
      <object_component id="oc-1a9">
         <name>.text:I2CSlaveInit</name>
         <load_address>0x31a8</load_address>
         <run_address>0x31a8</run_address>
         <size>0xe</size>
         <input_file_ref idref="fl-da"/>
      </object_component>
      <object_component id="oc-226">
         <name>.text:TimerEnable</name>
         <load_address>0x31b6</load_address>
         <run_address>0x31b6</run_address>
         <size>0xe</size>
         <input_file_ref idref="fl-de"/>
      </object_component>
      <object_component id="oc-18">
         <name>.text:decompress:none:__TI_decompress_none</name>
         <load_address>0x31c4</load_address>
         <run_address>0x31c4</run_address>
         <size>0xe</size>
         <input_file_ref idref="fl-cd"/>
      </object_component>
      <object_component id="oc-1a3">
         <name>.text:I2CSlaveIntEnableEx</name>
         <load_address>0x31d2</load_address>
         <run_address>0x31d2</run_address>
         <size>0xc</size>
         <input_file_ref idref="fl-da"/>
      </object_component>
      <object_component id="oc-1af">
         <name>.text:PWMGenDisable</name>
         <load_address>0x31de</load_address>
         <run_address>0x31de</run_address>
         <size>0xc</size>
         <input_file_ref idref="fl-dc"/>
      </object_component>
      <object_component id="oc-1c7">
         <name>.text:PWMGenEnable</name>
         <load_address>0x31ea</load_address>
         <run_address>0x31ea</run_address>
         <size>0xc</size>
         <input_file_ref idref="fl-dc"/>
      </object_component>
      <object_component id="oc-4a">
         <name>.text:decompress:ZI:__TI_zero_init</name>
         <load_address>0x31f6</load_address>
         <run_address>0x31f6</run_address>
         <size>0xc</size>
         <input_file_ref idref="fl-cc"/>
      </object_component>
      <object_component id="oc-24">
         <name>.text</name>
         <load_address>0x3202</load_address>
         <run_address>0x3202</run_address>
         <size>0xc</size>
         <input_file_ref idref="fl-7"/>
      </object_component>
      <object_component id="oc-242">
         <name>.text:I2CSlaveIntClear</name>
         <load_address>0x320e</load_address>
         <run_address>0x320e</run_address>
         <size>0x8</size>
         <input_file_ref idref="fl-da"/>
      </object_component>
      <object_component id="oc-204">
         <name>.text:TimerIntEnable</name>
         <load_address>0x3216</load_address>
         <run_address>0x3216</run_address>
         <size>0x8</size>
         <input_file_ref idref="fl-de"/>
      </object_component>
      <object_component id="oc-2de">
         <name>.text:__aeabi_errno_addr</name>
         <load_address>0x3220</load_address>
         <run_address>0x3220</run_address>
         <size>0x8</size>
         <input_file_ref idref="fl-cf"/>
      </object_component>
      <object_component id="oc-20a">
         <name>.text:GPIOPinRead</name>
         <load_address>0x3228</load_address>
         <run_address>0x3228</run_address>
         <size>0x6</size>
         <input_file_ref idref="fl-d9"/>
      </object_component>
      <object_component id="oc-d8">
         <name>.text:GPIOPinWrite</name>
         <load_address>0x322e</load_address>
         <run_address>0x322e</run_address>
         <size>0x6</size>
         <input_file_ref idref="fl-d9"/>
      </object_component>
      <object_component id="oc-248">
         <name>.text:I2CSlaveDataGet</name>
         <load_address>0x3234</load_address>
         <run_address>0x3234</run_address>
         <size>0x6</size>
         <input_file_ref idref="fl-da"/>
      </object_component>
      <object_component id="oc-23c">
         <name>.text:I2CSlaveStatus</name>
         <load_address>0x323a</load_address>
         <run_address>0x323a</run_address>
         <size>0x6</size>
         <input_file_ref idref="fl-da"/>
      </object_component>
      <object_component id="oc-155">
         <name>.text:SysCtlDelay</name>
         <load_address>0x3240</load_address>
         <run_address>0x3240</run_address>
         <size>0x6</size>
         <input_file_ref idref="fl-dd"/>
      </object_component>
      <object_component id="oc-1e5">
         <name>.text:TimerIntClear</name>
         <load_address>0x3246</load_address>
         <run_address>0x3246</run_address>
         <size>0x4</size>
         <input_file_ref idref="fl-de"/>
      </object_component>
      <object_component id="oc-92">
         <name>.text:_system_pre_init</name>
         <load_address>0x324a</load_address>
         <run_address>0x324a</run_address>
         <size>0x4</size>
         <input_file_ref idref="fl-d4"/>
      </object_component>
      <object_component id="oc-115">
         <name>.text:abort:abort</name>
         <load_address>0x324e</load_address>
         <run_address>0x324e</run_address>
         <size>0x4</size>
         <input_file_ref idref="fl-d6"/>
      </object_component>
      <object_component id="oc-297">
         <name>.const:g_pui32GPIOBaseAddrs</name>
         <load_address>0x3254</load_address>
         <run_address>0x3254</run_address>
         <size>0x90</size>
         <input_file_ref idref="fl-d9"/>
      </object_component>
      <object_component id="oc-32a">
         <name>.const</name>
         <load_address>0x32e4</load_address>
         <run_address>0x32e4</run_address>
         <size>0x70</size>
         <input_file_ref idref="fl-db"/>
      </object_component>
      <object_component id="oc-2b3">
         <name>.const:g_pui32Xtals</name>
         <load_address>0x3354</load_address>
         <run_address>0x3354</run_address>
         <size>0x6c</size>
         <input_file_ref idref="fl-dd"/>
      </object_component>
      <object_component id="oc-31e">
         <name>.const:g_ppui32TimerIntMap</name>
         <load_address>0x33c0</load_address>
         <run_address>0x33c0</run_address>
         <size>0x60</size>
         <input_file_ref idref="fl-de"/>
      </object_component>
      <object_component id="oc-321">
         <name>.const:g_ppui32TimerIntMapSnowflake</name>
         <load_address>0x3420</load_address>
         <run_address>0x3420</run_address>
         <size>0x40</size>
         <input_file_ref idref="fl-de"/>
      </object_component>
      <object_component id="oc-381">
         <name>.cinit..data.load</name>
         <load_address>0x3460</load_address>
         <run_address>0x3460</run_address>
         <size>0xf0</size>
      </object_component>
      <object_component id="oc-37e">
         <name>__TI_handler_table</name>
         <load_address>0x3550</load_address>
         <run_address>0x3550</run_address>
         <size>0xc</size>
      </object_component>
      <object_component id="oc-382">
         <name>.cinit..bss.load</name>
         <load_address>0x3560</load_address>
         <run_address>0x3560</run_address>
         <size>0x8</size>
      </object_component>
      <object_component id="oc-380">
         <name>.cinit..vtable.load</name>
         <load_address>0x3568</load_address>
         <run_address>0x3568</run_address>
         <size>0x8</size>
      </object_component>
      <object_component id="oc-37f">
         <name>__TI_cinit_table</name>
         <load_address>0x3570</load_address>
         <run_address>0x3570</run_address>
         <size>0x18</size>
      </object_component>
      <object_component id="oc-325">
         <name>.vtable</name>
         <uninitialized>true</uninitialized>
         <run_address>0x20000000</run_address>
         <size>0x26c</size>
         <input_file_ref idref="fl-db"/>
      </object_component>
      <object_component id="oc-103">
         <name>.data</name>
         <load_address>0x20002fe4</load_address>
         <run_address>0x20002fe4</run_address>
         <size>0x94</size>
         <input_file_ref idref="fl-4"/>
      </object_component>
      <object_component id="oc-238">
         <name>.data:homingPath</name>
         <load_address>0x20002ee8</load_address>
         <run_address>0x20002ee8</run_address>
         <size>0xfc</size>
         <input_file_ref idref="fl-4"/>
      </object_component>
      <object_component id="oc-32e">
         <name>.data</name>
         <load_address>0x20003078</load_address>
         <run_address>0x20003078</run_address>
         <size>0x4</size>
         <input_file_ref idref="fl-cf"/>
      </object_component>
      <object_component id="oc-17c">
         <name>.common:load</name>
         <uninitialized>true</uninitialized>
         <run_address>0x20002ca4</run_address>
         <size>0x4</size>
      </object_component>
      <object_component id="oc-1eb">
         <name>.common:PWMClock</name>
         <uninitialized>true</uninitialized>
         <run_address>0x20002c9c</run_address>
         <size>0x4</size>
      </object_component>
      <object_component id="oc-17d">
         <name>.common:PWM_Divider</name>
         <uninitialized>true</uninitialized>
         <run_address>0x20002ca0</run_address>
         <size>0x4</size>
      </object_component>
      <object_component id="oc-179">
         <name>.common:pulseDuration</name>
         <uninitialized>true</uninitialized>
         <run_address>0x20002ca8</run_address>
         <size>0x4</size>
      </object_component>
      <object_component id="oc-17b">
         <name>.common:pulseDuration_Min</name>
         <uninitialized>true</uninitialized>
         <run_address>0x20002cb0</run_address>
         <size>0x4</size>
      </object_component>
      <object_component id="oc-17a">
         <name>.common:pulseDuration_Max</name>
         <uninitialized>true</uninitialized>
         <run_address>0x20002cac</run_address>
         <size>0x4</size>
      </object_component>
      <object_component id="oc-24e">
         <name>.common:theta_mergedData</name>
         <uninitialized>true</uninitialized>
         <run_address>0x20002cd0</run_address>
         <size>0x4</size>
      </object_component>
      <object_component id="oc-24f">
         <name>.common:vel_acc_mergedData</name>
         <uninitialized>true</uninitialized>
         <run_address>0x20002ce0</run_address>
         <size>0x4</size>
      </object_component>
      <object_component id="oc-106">
         <name>.common:servo_angle</name>
         <uninitialized>true</uninitialized>
         <run_address>0x20002cc0</run_address>
         <size>0x4</size>
      </object_component>
      <object_component id="oc-111">
         <name>.common:path1</name>
         <uninitialized>true</uninitialized>
         <run_address>0x2000026c</run_address>
         <size>0xe10</size>
      </object_component>
      <object_component id="oc-112">
         <name>.common:path2</name>
         <uninitialized>true</uninitialized>
         <run_address>0x2000107c</run_address>
         <size>0xe10</size>
      </object_component>
      <object_component id="oc-113">
         <name>.common:path3</name>
         <uninitialized>true</uninitialized>
         <run_address>0x20001e8c</run_address>
         <size>0xe10</size>
      </object_component>
      <object_component id="oc-210">
         <name>.common:time2</name>
         <uninitialized>true</uninitialized>
         <run_address>0x20002cd4</run_address>
         <size>0x4</size>
      </object_component>
      <object_component id="oc-211">
         <name>.common:time4</name>
         <uninitialized>true</uninitialized>
         <run_address>0x20002cd8</run_address>
         <size>0x4</size>
      </object_component>
      <object_component id="oc-212">
         <name>.common:time6</name>
         <uninitialized>true</uninitialized>
         <run_address>0x20002cdc</run_address>
         <size>0x4</size>
      </object_component>
      <object_component id="oc-235">
         <name>.common:stepInterval1</name>
         <uninitialized>true</uninitialized>
         <run_address>0x20002cc4</run_address>
         <size>0x4</size>
      </object_component>
      <object_component id="oc-236">
         <name>.common:stepInterval2</name>
         <uninitialized>true</uninitialized>
         <run_address>0x20002cc8</run_address>
         <size>0x4</size>
      </object_component>
      <object_component id="oc-237">
         <name>.common:stepInterval3</name>
         <uninitialized>true</uninitialized>
         <run_address>0x20002ccc</run_address>
         <size>0x4</size>
      </object_component>
      <object_component id="oc-22c">
         <name>.common:requiredSpeed1</name>
         <uninitialized>true</uninitialized>
         <run_address>0x20002cb4</run_address>
         <size>0x4</size>
      </object_component>
      <object_component id="oc-22d">
         <name>.common:requiredSpeed2</name>
         <uninitialized>true</uninitialized>
         <run_address>0x20002cb8</run_address>
         <size>0x4</size>
      </object_component>
      <object_component id="oc-22e">
         <name>.common:requiredSpeed3</name>
         <uninitialized>true</uninitialized>
         <run_address>0x20002cbc</run_address>
         <size>0x4</size>
      </object_component>
      <object_component id="oc-21">
         <name>.stack</name>
         <uninitialized>true</uninitialized>
         <run_address>0x20002ce8</run_address>
         <size>0x4</size>
         <input_file_ref idref="fl-d0"/>
      </object_component>
      <object_component id="oc-383">
         <name>.stack</name>
         <uninitialized>true</uninitialized>
         <run_address>0x20002ce8</run_address>
         <size>0x0</size>
      </object_component>
      <object_component id="oc-af">
         <name>.debug_info</name>
         <load_address>0x0</load_address>
         <run_address>0x0</run_address>
         <size>0x2ad</size>
         <input_file_ref idref="fl-1"/>
      </object_component>
      <object_component id="oc-217">
         <name>.debug_info</name>
         <load_address>0x2ad</load_address>
         <run_address>0x2ad</run_address>
         <size>0x276</size>
         <input_file_ref idref="fl-1"/>
      </object_component>
      <object_component id="oc-6d">
         <name>.debug_info</name>
         <load_address>0x523</load_address>
         <run_address>0x523</run_address>
         <size>0x26b</size>
         <input_file_ref idref="fl-1"/>
      </object_component>
      <object_component id="oc-33">
         <name>.debug_info</name>
         <load_address>0x78e</load_address>
         <run_address>0x78e</run_address>
         <size>0x84</size>
         <input_file_ref idref="fl-1"/>
      </object_component>
      <object_component id="oc-aa">
         <name>.debug_info</name>
         <load_address>0x812</load_address>
         <run_address>0x812</run_address>
         <size>0x297</size>
         <input_file_ref idref="fl-1"/>
      </object_component>
      <object_component id="oc-72">
         <name>.debug_info</name>
         <load_address>0xaa9</load_address>
         <run_address>0xaa9</run_address>
         <size>0xbb</size>
         <input_file_ref idref="fl-1"/>
      </object_component>
      <object_component id="oc-107">
         <name>.debug_info</name>
         <load_address>0xb64</load_address>
         <run_address>0xb64</run_address>
         <size>0x69d</size>
         <input_file_ref idref="fl-2"/>
      </object_component>
      <object_component id="oc-e5">
         <name>.debug_info</name>
         <load_address>0x1201</load_address>
         <run_address>0x1201</run_address>
         <size>0x555</size>
         <input_file_ref idref="fl-2"/>
      </object_component>
      <object_component id="oc-b7">
         <name>.debug_info</name>
         <load_address>0x1756</load_address>
         <run_address>0x1756</run_address>
         <size>0x2c</size>
         <input_file_ref idref="fl-2"/>
      </object_component>
      <object_component id="oc-109">
         <name>.debug_info</name>
         <load_address>0x1782</load_address>
         <run_address>0x1782</run_address>
         <size>0xa68</size>
         <input_file_ref idref="fl-3"/>
      </object_component>
      <object_component id="oc-df">
         <name>.debug_info</name>
         <load_address>0x21ea</load_address>
         <run_address>0x21ea</run_address>
         <size>0xf46</size>
         <input_file_ref idref="fl-3"/>
      </object_component>
      <object_component id="oc-10b">
         <name>.debug_info</name>
         <load_address>0x3130</load_address>
         <run_address>0x3130</run_address>
         <size>0xc24</size>
         <input_file_ref idref="fl-4"/>
      </object_component>
      <object_component id="oc-104">
         <name>.debug_info</name>
         <load_address>0x3d54</load_address>
         <run_address>0x3d54</run_address>
         <size>0x653</size>
         <input_file_ref idref="fl-4"/>
      </object_component>
      <object_component id="oc-239">
         <name>.debug_info</name>
         <load_address>0x43a7</load_address>
         <run_address>0x43a7</run_address>
         <size>0xdd</size>
         <input_file_ref idref="fl-4"/>
      </object_component>
      <object_component id="oc-d3">
         <name>.debug_info</name>
         <load_address>0x4484</load_address>
         <run_address>0x4484</run_address>
         <size>0xecf</size>
         <input_file_ref idref="fl-4"/>
      </object_component>
      <object_component id="oc-258">
         <name>.debug_info</name>
         <load_address>0x5353</load_address>
         <run_address>0x5353</run_address>
         <size>0x8b</size>
         <input_file_ref idref="fl-4"/>
      </object_component>
      <object_component id="oc-10d">
         <name>.debug_info</name>
         <load_address>0x53de</load_address>
         <run_address>0x53de</run_address>
         <size>0x7e3</size>
         <input_file_ref idref="fl-5"/>
      </object_component>
      <object_component id="oc-99">
         <name>.debug_info</name>
         <load_address>0x5bc1</load_address>
         <run_address>0x5bc1</run_address>
         <size>0x53a</size>
         <input_file_ref idref="fl-5"/>
      </object_component>
      <object_component id="oc-10f">
         <name>.debug_info</name>
         <load_address>0x60fb</load_address>
         <run_address>0x60fb</run_address>
         <size>0x50b</size>
         <input_file_ref idref="fl-6"/>
      </object_component>
      <object_component id="oc-cd">
         <name>.debug_info</name>
         <load_address>0x6606</load_address>
         <run_address>0x6606</run_address>
         <size>0x3ca</size>
         <input_file_ref idref="fl-6"/>
      </object_component>
      <object_component id="oc-2c">
         <name>.debug_info</name>
         <load_address>0x69d0</load_address>
         <run_address>0x69d0</run_address>
         <size>0x2ac</size>
         <input_file_ref idref="fl-7"/>
      </object_component>
      <object_component id="oc-10">
         <name>.debug_info</name>
         <load_address>0x6c7c</load_address>
         <run_address>0x6c7c</run_address>
         <size>0xeb</size>
         <input_file_ref idref="fl-7"/>
      </object_component>
      <object_component id="oc-25">
         <name>.debug_info</name>
         <load_address>0x6d67</load_address>
         <run_address>0x6d67</run_address>
         <size>0x267</size>
         <input_file_ref idref="fl-7"/>
      </object_component>
      <object_component id="oc-2ea">
         <name>.debug_info</name>
         <load_address>0x6fce</load_address>
         <run_address>0x6fce</run_address>
         <size>0x2ce</size>
         <input_file_ref idref="fl-c2"/>
      </object_component>
      <object_component id="oc-230">
         <name>.debug_info</name>
         <load_address>0x729c</load_address>
         <run_address>0x729c</run_address>
         <size>0x251</size>
         <input_file_ref idref="fl-c2"/>
      </object_component>
      <object_component id="oc-333">
         <name>.debug_info</name>
         <load_address>0x74ed</load_address>
         <run_address>0x74ed</run_address>
         <size>0x46</size>
         <input_file_ref idref="fl-c2"/>
      </object_component>
      <object_component id="oc-2e5">
         <name>.debug_info</name>
         <load_address>0x7533</load_address>
         <run_address>0x7533</run_address>
         <size>0x39</size>
         <input_file_ref idref="fl-c2"/>
      </object_component>
      <object_component id="oc-164">
         <name>.debug_info</name>
         <load_address>0x756c</load_address>
         <run_address>0x756c</run_address>
         <size>0x150</size>
         <input_file_ref idref="fl-c3"/>
      </object_component>
      <object_component id="oc-21d">
         <name>.debug_info</name>
         <load_address>0x76bc</load_address>
         <run_address>0x76bc</run_address>
         <size>0x12c</size>
         <input_file_ref idref="fl-c4"/>
      </object_component>
      <object_component id="oc-222">
         <name>.debug_info</name>
         <load_address>0x77e8</load_address>
         <run_address>0x77e8</run_address>
         <size>0x12e</size>
         <input_file_ref idref="fl-c4"/>
      </object_component>
      <object_component id="oc-f6">
         <name>.debug_info</name>
         <load_address>0x7916</load_address>
         <run_address>0x7916</run_address>
         <size>0x13e</size>
         <input_file_ref idref="fl-c5"/>
      </object_component>
      <object_component id="oc-fa">
         <name>.debug_info</name>
         <load_address>0x7a54</load_address>
         <run_address>0x7a54</run_address>
         <size>0x13e</size>
         <input_file_ref idref="fl-c6"/>
      </object_component>
      <object_component id="oc-ff">
         <name>.debug_info</name>
         <load_address>0x7b92</load_address>
         <run_address>0x7b92</run_address>
         <size>0x142</size>
         <input_file_ref idref="fl-c7"/>
      </object_component>
      <object_component id="oc-169">
         <name>.debug_info</name>
         <load_address>0x7cd4</load_address>
         <run_address>0x7cd4</run_address>
         <size>0x13d</size>
         <input_file_ref idref="fl-c8"/>
      </object_component>
      <object_component id="oc-eb">
         <name>.debug_info</name>
         <load_address>0x7e11</load_address>
         <run_address>0x7e11</run_address>
         <size>0x130</size>
         <input_file_ref idref="fl-c9"/>
      </object_component>
      <object_component id="oc-f0">
         <name>.debug_info</name>
         <load_address>0x7f41</load_address>
         <run_address>0x7f41</run_address>
         <size>0x130</size>
         <input_file_ref idref="fl-ca"/>
      </object_component>
      <object_component id="oc-15f">
         <name>.debug_info</name>
         <load_address>0x8071</load_address>
         <run_address>0x8071</run_address>
         <size>0x132</size>
         <input_file_ref idref="fl-cb"/>
      </object_component>
      <object_component id="oc-8b">
         <name>.debug_info</name>
         <load_address>0x81a3</load_address>
         <run_address>0x81a3</run_address>
         <size>0x2d8</size>
         <input_file_ref idref="fl-cc"/>
      </object_component>
      <object_component id="oc-4b">
         <name>.debug_info</name>
         <load_address>0x847b</load_address>
         <run_address>0x847b</run_address>
         <size>0x1b9</size>
         <input_file_ref idref="fl-cc"/>
      </object_component>
      <object_component id="oc-86">
         <name>.debug_info</name>
         <load_address>0x8634</load_address>
         <run_address>0x8634</run_address>
         <size>0x46</size>
         <input_file_ref idref="fl-cc"/>
      </object_component>
      <object_component id="oc-43">
         <name>.debug_info</name>
         <load_address>0x867a</load_address>
         <run_address>0x867a</run_address>
         <size>0x2ac</size>
         <input_file_ref idref="fl-cd"/>
      </object_component>
      <object_component id="oc-19">
         <name>.debug_info</name>
         <load_address>0x8926</load_address>
         <run_address>0x8926</run_address>
         <size>0x1ee</size>
         <input_file_ref idref="fl-cd"/>
      </object_component>
      <object_component id="oc-3e">
         <name>.debug_info</name>
         <load_address>0x8b14</load_address>
         <run_address>0x8b14</run_address>
         <size>0x46</size>
         <input_file_ref idref="fl-cd"/>
      </object_component>
      <object_component id="oc-7e">
         <name>.debug_info</name>
         <load_address>0x8b5a</load_address>
         <run_address>0x8b5a</run_address>
         <size>0x2c</size>
         <input_file_ref idref="fl-cd"/>
      </object_component>
      <object_component id="oc-7c">
         <name>.debug_info</name>
         <load_address>0x8b86</load_address>
         <run_address>0x8b86</run_address>
         <size>0x2a2</size>
         <input_file_ref idref="fl-ce"/>
      </object_component>
      <object_component id="oc-13">
         <name>.debug_info</name>
         <load_address>0x8e28</load_address>
         <run_address>0x8e28</run_address>
         <size>0x254</size>
         <input_file_ref idref="fl-ce"/>
      </object_component>
      <object_component id="oc-2e">
         <name>.debug_info</name>
         <load_address>0x907c</load_address>
         <run_address>0x907c</run_address>
         <size>0x60</size>
         <input_file_ref idref="fl-ce"/>
      </object_component>
      <object_component id="oc-b0">
         <name>.debug_info</name>
         <load_address>0x90dc</load_address>
         <run_address>0x90dc</run_address>
         <size>0x46</size>
         <input_file_ref idref="fl-ce"/>
      </object_component>
      <object_component id="oc-77">
         <name>.debug_info</name>
         <load_address>0x9122</load_address>
         <run_address>0x9122</run_address>
         <size>0x39</size>
         <input_file_ref idref="fl-ce"/>
      </object_component>
      <object_component id="oc-332">
         <name>.debug_info</name>
         <load_address>0x915b</load_address>
         <run_address>0x915b</run_address>
         <size>0x28d</size>
         <input_file_ref idref="fl-cf"/>
      </object_component>
      <object_component id="oc-32f">
         <name>.debug_info</name>
         <load_address>0x93e8</load_address>
         <run_address>0x93e8</run_address>
         <size>0x112</size>
         <input_file_ref idref="fl-cf"/>
      </object_component>
      <object_component id="oc-2df">
         <name>.debug_info</name>
         <load_address>0x94fa</load_address>
         <run_address>0x94fa</run_address>
         <size>0x152</size>
         <input_file_ref idref="fl-cf"/>
      </object_component>
      <object_component id="oc-22">
         <name>.debug_info</name>
         <load_address>0x964c</load_address>
         <run_address>0x964c</run_address>
         <size>0x10f</size>
         <input_file_ref idref="fl-d0"/>
      </object_component>
      <object_component id="oc-59">
         <name>.debug_info</name>
         <load_address>0x975b</load_address>
         <run_address>0x975b</run_address>
         <size>0x1ad</size>
         <input_file_ref idref="fl-d0"/>
      </object_component>
      <object_component id="oc-39">
         <name>.debug_info</name>
         <load_address>0x9908</load_address>
         <run_address>0x9908</run_address>
         <size>0x11d</size>
         <input_file_ref idref="fl-d1"/>
      </object_component>
      <object_component id="oc-8d">
         <name>.debug_info</name>
         <load_address>0x9a25</load_address>
         <run_address>0x9a25</run_address>
         <size>0x14b</size>
         <input_file_ref idref="fl-d2"/>
      </object_component>
      <object_component id="oc-272">
         <name>.debug_info</name>
         <load_address>0x9b70</load_address>
         <run_address>0x9b70</run_address>
         <size>0x4b7</size>
         <input_file_ref idref="fl-d3"/>
      </object_component>
      <object_component id="oc-122">
         <name>.debug_info</name>
         <load_address>0xa027</load_address>
         <run_address>0xa027</run_address>
         <size>0x1aa</size>
         <input_file_ref idref="fl-d3"/>
      </object_component>
      <object_component id="oc-300">
         <name>.debug_info</name>
         <load_address>0xa1d1</load_address>
         <run_address>0xa1d1</run_address>
         <size>0x39</size>
         <input_file_ref idref="fl-d3"/>
      </object_component>
      <object_component id="oc-33d">
         <name>.debug_info</name>
         <load_address>0xa20a</load_address>
         <run_address>0xa20a</run_address>
         <size>0x39</size>
         <input_file_ref idref="fl-d3"/>
      </object_component>
      <object_component id="oc-305">
         <name>.debug_info</name>
         <load_address>0xa243</load_address>
         <run_address>0xa243</run_address>
         <size>0x39</size>
         <input_file_ref idref="fl-d3"/>
      </object_component>
      <object_component id="oc-30a">
         <name>.debug_info</name>
         <load_address>0xa27c</load_address>
         <run_address>0xa27c</run_address>
         <size>0xcd</size>
         <input_file_ref idref="fl-d3"/>
      </object_component>
      <object_component id="oc-93">
         <name>.debug_info</name>
         <load_address>0xa349</load_address>
         <run_address>0xa349</run_address>
         <size>0x157</size>
         <input_file_ref idref="fl-d4"/>
      </object_component>
      <object_component id="oc-116">
         <name>.debug_info</name>
         <load_address>0xa4a0</load_address>
         <run_address>0xa4a0</run_address>
         <size>0x126</size>
         <input_file_ref idref="fl-d6"/>
      </object_component>
      <object_component id="oc-215">
         <name>.debug_info</name>
         <load_address>0xa5c6</load_address>
         <run_address>0xa5c6</run_address>
         <size>0x240</size>
         <input_file_ref idref="fl-d9"/>
      </object_component>
      <object_component id="oc-298">
         <name>.debug_info</name>
         <load_address>0xa806</load_address>
         <run_address>0xa806</run_address>
         <size>0x15b</size>
         <input_file_ref idref="fl-d9"/>
      </object_component>
      <object_component id="oc-d9">
         <name>.debug_info</name>
         <load_address>0xa961</load_address>
         <run_address>0xa961</run_address>
         <size>0x2a3</size>
         <input_file_ref idref="fl-d9"/>
      </object_component>
      <object_component id="oc-29c">
         <name>.debug_info</name>
         <load_address>0xac04</load_address>
         <run_address>0xac04</run_address>
         <size>0x2b3</size>
         <input_file_ref idref="fl-d9"/>
      </object_component>
      <object_component id="oc-2a2">
         <name>.debug_info</name>
         <load_address>0xaeb7</load_address>
         <run_address>0xaeb7</run_address>
         <size>0x316</size>
         <input_file_ref idref="fl-d9"/>
      </object_component>
      <object_component id="oc-1da">
         <name>.debug_info</name>
         <load_address>0xb1cd</load_address>
         <run_address>0xb1cd</run_address>
         <size>0x279</size>
         <input_file_ref idref="fl-d9"/>
      </object_component>
      <object_component id="oc-198">
         <name>.debug_info</name>
         <load_address>0xb446</load_address>
         <run_address>0xb446</run_address>
         <size>0x27f</size>
         <input_file_ref idref="fl-d9"/>
      </object_component>
      <object_component id="oc-19e">
         <name>.debug_info</name>
         <load_address>0xb6c5</load_address>
         <run_address>0xb6c5</run_address>
         <size>0x279</size>
         <input_file_ref idref="fl-d9"/>
      </object_component>
      <object_component id="oc-1d4">
         <name>.debug_info</name>
         <load_address>0xb93e</load_address>
         <run_address>0xb93e</run_address>
         <size>0x2b7</size>
         <input_file_ref idref="fl-d9"/>
      </object_component>
      <object_component id="oc-1e0">
         <name>.debug_info</name>
         <load_address>0xbbf5</load_address>
         <run_address>0xbbf5</run_address>
         <size>0x285</size>
         <input_file_ref idref="fl-d9"/>
      </object_component>
      <object_component id="oc-20b">
         <name>.debug_info</name>
         <load_address>0xbe7a</load_address>
         <run_address>0xbe7a</run_address>
         <size>0x27b</size>
         <input_file_ref idref="fl-d9"/>
      </object_component>
      <object_component id="oc-192">
         <name>.debug_info</name>
         <load_address>0xc0f5</load_address>
         <run_address>0xc0f5</run_address>
         <size>0x280</size>
         <input_file_ref idref="fl-d9"/>
      </object_component>
      <object_component id="oc-157">
         <name>.debug_info</name>
         <load_address>0xc375</load_address>
         <run_address>0xc375</run_address>
         <size>0x18b</size>
         <input_file_ref idref="fl-d9"/>
      </object_component>
      <object_component id="oc-2aa">
         <name>.debug_info</name>
         <load_address>0xc500</load_address>
         <run_address>0xc500</run_address>
         <size>0x231</size>
         <input_file_ref idref="fl-da"/>
      </object_component>
      <object_component id="oc-23d">
         <name>.debug_info</name>
         <load_address>0xc731</load_address>
         <run_address>0xc731</run_address>
         <size>0x250</size>
         <input_file_ref idref="fl-da"/>
      </object_component>
      <object_component id="oc-1a4">
         <name>.debug_info</name>
         <load_address>0xc981</load_address>
         <run_address>0xc981</run_address>
         <size>0x298</size>
         <input_file_ref idref="fl-da"/>
      </object_component>
      <object_component id="oc-243">
         <name>.debug_info</name>
         <load_address>0xcc19</load_address>
         <run_address>0xcc19</run_address>
         <size>0x250</size>
         <input_file_ref idref="fl-da"/>
      </object_component>
      <object_component id="oc-2ac">
         <name>.debug_info</name>
         <load_address>0xce69</load_address>
         <run_address>0xce69</run_address>
         <size>0x24c</size>
         <input_file_ref idref="fl-da"/>
      </object_component>
      <object_component id="oc-1aa">
         <name>.debug_info</name>
         <load_address>0xd0b5</load_address>
         <run_address>0xd0b5</run_address>
         <size>0x29f</size>
         <input_file_ref idref="fl-da"/>
      </object_component>
      <object_component id="oc-249">
         <name>.debug_info</name>
         <load_address>0xd354</load_address>
         <run_address>0xd354</run_address>
         <size>0x252</size>
         <input_file_ref idref="fl-da"/>
      </object_component>
      <object_component id="oc-329">
         <name>.debug_info</name>
         <load_address>0xd5a6</load_address>
         <run_address>0xd5a6</run_address>
         <size>0x20e</size>
         <input_file_ref idref="fl-db"/>
      </object_component>
      <object_component id="oc-32b">
         <name>.debug_info</name>
         <load_address>0xd7b4</load_address>
         <run_address>0xd7b4</run_address>
         <size>0x210</size>
         <input_file_ref idref="fl-db"/>
      </object_component>
      <object_component id="oc-326">
         <name>.debug_info</name>
         <load_address>0xd9c4</load_address>
         <run_address>0xd9c4</run_address>
         <size>0x157</size>
         <input_file_ref idref="fl-db"/>
      </object_component>
      <object_component id="oc-2ca">
         <name>.debug_info</name>
         <load_address>0xdb1b</load_address>
         <run_address>0xdb1b</run_address>
         <size>0x2c1</size>
         <input_file_ref idref="fl-db"/>
      </object_component>
      <object_component id="oc-2d0">
         <name>.debug_info</name>
         <load_address>0xdddc</load_address>
         <run_address>0xdddc</run_address>
         <size>0x268</size>
         <input_file_ref idref="fl-db"/>
      </object_component>
      <object_component id="oc-292">
         <name>.debug_info</name>
         <load_address>0xe044</load_address>
         <run_address>0xe044</run_address>
         <size>0x1ed</size>
         <input_file_ref idref="fl-dc"/>
      </object_component>
      <object_component id="oc-16f">
         <name>.debug_info</name>
         <load_address>0xe231</load_address>
         <run_address>0xe231</run_address>
         <size>0x2f6</size>
         <input_file_ref idref="fl-dc"/>
      </object_component>
      <object_component id="oc-1cf">
         <name>.debug_info</name>
         <load_address>0xe527</load_address>
         <run_address>0xe527</run_address>
         <size>0x2c4</size>
         <input_file_ref idref="fl-dc"/>
      </object_component>
      <object_component id="oc-1c3">
         <name>.debug_info</name>
         <load_address>0xe7eb</load_address>
         <run_address>0xe7eb</run_address>
         <size>0x2b6</size>
         <input_file_ref idref="fl-dc"/>
      </object_component>
      <object_component id="oc-1c8">
         <name>.debug_info</name>
         <load_address>0xeaa1</load_address>
         <run_address>0xeaa1</run_address>
         <size>0x276</size>
         <input_file_ref idref="fl-dc"/>
      </object_component>
      <object_component id="oc-1b0">
         <name>.debug_info</name>
         <load_address>0xed17</load_address>
         <run_address>0xed17</run_address>
         <size>0x278</size>
         <input_file_ref idref="fl-dc"/>
      </object_component>
      <object_component id="oc-1bc">
         <name>.debug_info</name>
         <load_address>0xef8f</load_address>
         <run_address>0xef8f</run_address>
         <size>0x2b3</size>
         <input_file_ref idref="fl-dc"/>
      </object_component>
      <object_component id="oc-15c">
         <name>.debug_info</name>
         <load_address>0xf242</load_address>
         <run_address>0xf242</run_address>
         <size>0x298</size>
         <input_file_ref idref="fl-dd"/>
      </object_component>
      <object_component id="oc-2b4">
         <name>.debug_info</name>
         <load_address>0xf4da</load_address>
         <run_address>0xf4da</run_address>
         <size>0x14d</size>
         <input_file_ref idref="fl-dd"/>
      </object_component>
      <object_component id="oc-18c">
         <name>.debug_info</name>
         <load_address>0xf627</load_address>
         <run_address>0xf627</run_address>
         <size>0x295</size>
         <input_file_ref idref="fl-dd"/>
      </object_component>
      <object_component id="oc-186">
         <name>.debug_info</name>
         <load_address>0xf8bc</load_address>
         <run_address>0xf8bc</run_address>
         <size>0x27f</size>
         <input_file_ref idref="fl-dd"/>
      </object_component>
      <object_component id="oc-180">
         <name>.debug_info</name>
         <load_address>0xfb3b</load_address>
         <run_address>0xfb3b</run_address>
         <size>0x27d</size>
         <input_file_ref idref="fl-dd"/>
      </object_component>
      <object_component id="oc-c7">
         <name>.debug_info</name>
         <load_address>0xfdb8</load_address>
         <run_address>0xfdb8</run_address>
         <size>0x263</size>
         <input_file_ref idref="fl-dd"/>
      </object_component>
      <object_component id="oc-174">
         <name>.debug_info</name>
         <load_address>0x1001b</load_address>
         <run_address>0x1001b</run_address>
         <size>0x22d</size>
         <input_file_ref idref="fl-dd"/>
      </object_component>
      <object_component id="oc-c1">
         <name>.debug_info</name>
         <load_address>0x10248</load_address>
         <run_address>0x10248</run_address>
         <size>0x2db</size>
         <input_file_ref idref="fl-dd"/>
      </object_component>
      <object_component id="oc-1b6">
         <name>.debug_info</name>
         <load_address>0x10523</load_address>
         <run_address>0x10523</run_address>
         <size>0x2b5</size>
         <input_file_ref idref="fl-dd"/>
      </object_component>
      <object_component id="oc-289">
         <name>.debug_info</name>
         <load_address>0x107d8</load_address>
         <run_address>0x107d8</run_address>
         <size>0x5f</size>
         <input_file_ref idref="fl-dd"/>
      </object_component>
      <object_component id="oc-2bf">
         <name>.debug_info</name>
         <load_address>0x10837</load_address>
         <run_address>0x10837</run_address>
         <size>0x223</size>
         <input_file_ref idref="fl-de"/>
      </object_component>
      <object_component id="oc-31f">
         <name>.debug_info</name>
         <load_address>0x10a5a</load_address>
         <run_address>0x10a5a</run_address>
         <size>0x15a</size>
         <input_file_ref idref="fl-de"/>
      </object_component>
      <object_component id="oc-322">
         <name>.debug_info</name>
         <load_address>0x10bb4</load_address>
         <run_address>0x10bb4</run_address>
         <size>0x16c</size>
         <input_file_ref idref="fl-de"/>
      </object_component>
      <object_component id="oc-1f9">
         <name>.debug_info</name>
         <load_address>0x10d20</load_address>
         <run_address>0x10d20</run_address>
         <size>0x2ba</size>
         <input_file_ref idref="fl-de"/>
      </object_component>
      <object_component id="oc-2c4">
         <name>.debug_info</name>
         <load_address>0x10fda</load_address>
         <run_address>0x10fda</run_address>
         <size>0x2eb</size>
         <input_file_ref idref="fl-de"/>
      </object_component>
      <object_component id="oc-1ff">
         <name>.debug_info</name>
         <load_address>0x112c5</load_address>
         <run_address>0x112c5</run_address>
         <size>0x2e4</size>
         <input_file_ref idref="fl-de"/>
      </object_component>
      <object_component id="oc-205">
         <name>.debug_info</name>
         <load_address>0x115a9</load_address>
         <run_address>0x115a9</run_address>
         <size>0x294</size>
         <input_file_ref idref="fl-de"/>
      </object_component>
      <object_component id="oc-1e6">
         <name>.debug_info</name>
         <load_address>0x1183d</load_address>
         <run_address>0x1183d</run_address>
         <size>0x292</size>
         <input_file_ref idref="fl-de"/>
      </object_component>
      <object_component id="oc-227">
         <name>.debug_info</name>
         <load_address>0x11acf</load_address>
         <run_address>0x11acf</run_address>
         <size>0x27f</size>
         <input_file_ref idref="fl-de"/>
      </object_component>
      <object_component id="oc-1ed">
         <name>.debug_info</name>
         <load_address>0x11d4e</load_address>
         <run_address>0x11d4e</run_address>
         <size>0x281</size>
         <input_file_ref idref="fl-de"/>
      </object_component>
      <object_component id="oc-1f3">
         <name>.debug_info</name>
         <load_address>0x11fcf</load_address>
         <run_address>0x11fcf</run_address>
         <size>0x28c</size>
         <input_file_ref idref="fl-de"/>
      </object_component>
      <object_component id="oc-384">
         <name>.debug_info</name>
         <load_address>0x1225b</load_address>
         <run_address>0x1225b</run_address>
         <size>0x9e</size>
      </object_component>
      <object_component id="oc-154">
         <name>.debug_line</name>
         <load_address>0x0</load_address>
         <run_address>0x0</run_address>
         <size>0x59</size>
         <input_file_ref idref="fl-1"/>
      </object_component>
      <object_component id="oc-21a">
         <name>.debug_line</name>
         <load_address>0x59</load_address>
         <run_address>0x59</run_address>
         <size>0x73</size>
         <input_file_ref idref="fl-1"/>
      </object_component>
      <object_component id="oc-70">
         <name>.debug_line</name>
         <load_address>0xcc</load_address>
         <run_address>0xcc</run_address>
         <size>0x7a</size>
         <input_file_ref idref="fl-1"/>
      </object_component>
      <object_component id="oc-36">
         <name>.debug_line</name>
         <load_address>0x146</load_address>
         <run_address>0x146</run_address>
         <size>0x20</size>
         <input_file_ref idref="fl-1"/>
      </object_component>
      <object_component id="oc-ad">
         <name>.debug_line</name>
         <load_address>0x166</load_address>
         <run_address>0x166</run_address>
         <size>0x7e</size>
         <input_file_ref idref="fl-1"/>
      </object_component>
      <object_component id="oc-75">
         <name>.debug_line</name>
         <load_address>0x1e4</load_address>
         <run_address>0x1e4</run_address>
         <size>0x7b</size>
         <input_file_ref idref="fl-1"/>
      </object_component>
      <object_component id="oc-25e">
         <name>.debug_line</name>
         <load_address>0x25f</load_address>
         <run_address>0x25f</run_address>
         <size>0xa5</size>
         <input_file_ref idref="fl-2"/>
      </object_component>
      <object_component id="oc-e8">
         <name>.debug_line</name>
         <load_address>0x304</load_address>
         <run_address>0x304</run_address>
         <size>0x1e6</size>
         <input_file_ref idref="fl-2"/>
      </object_component>
      <object_component id="oc-ba">
         <name>.debug_line</name>
         <load_address>0x4ea</load_address>
         <run_address>0x4ea</run_address>
         <size>0x76</size>
         <input_file_ref idref="fl-2"/>
      </object_component>
      <object_component id="oc-260">
         <name>.debug_line</name>
         <load_address>0x560</load_address>
         <run_address>0x560</run_address>
         <size>0x142</size>
         <input_file_ref idref="fl-3"/>
      </object_component>
      <object_component id="oc-e2">
         <name>.debug_line</name>
         <load_address>0x6a2</load_address>
         <run_address>0x6a2</run_address>
         <size>0x328</size>
         <input_file_ref idref="fl-3"/>
      </object_component>
      <object_component id="oc-262">
         <name>.debug_line</name>
         <load_address>0x9ca</load_address>
         <run_address>0x9ca</run_address>
         <size>0x163</size>
         <input_file_ref idref="fl-4"/>
      </object_component>
      <object_component id="oc-257">
         <name>.debug_line</name>
         <load_address>0xb2d</load_address>
         <run_address>0xb2d</run_address>
         <size>0x37</size>
         <input_file_ref idref="fl-4"/>
      </object_component>
      <object_component id="oc-2ec">
         <name>.debug_line</name>
         <load_address>0xb64</load_address>
         <run_address>0xb64</run_address>
         <size>0x37</size>
         <input_file_ref idref="fl-4"/>
      </object_component>
      <object_component id="oc-d6">
         <name>.debug_line</name>
         <load_address>0xb9b</load_address>
         <run_address>0xb9b</run_address>
         <size>0x236</size>
         <input_file_ref idref="fl-4"/>
      </object_component>
      <object_component id="oc-25b">
         <name>.debug_line</name>
         <load_address>0xdd1</load_address>
         <run_address>0xdd1</run_address>
         <size>0x20</size>
         <input_file_ref idref="fl-4"/>
      </object_component>
      <object_component id="oc-264">
         <name>.debug_line</name>
         <load_address>0xdf1</load_address>
         <run_address>0xdf1</run_address>
         <size>0xef</size>
         <input_file_ref idref="fl-5"/>
      </object_component>
      <object_component id="oc-9c">
         <name>.debug_line</name>
         <load_address>0xee0</load_address>
         <run_address>0xee0</run_address>
         <size>0xd6</size>
         <input_file_ref idref="fl-5"/>
      </object_component>
      <object_component id="oc-266">
         <name>.debug_line</name>
         <load_address>0xfb6</load_address>
         <run_address>0xfb6</run_address>
         <size>0xa7</size>
         <input_file_ref idref="fl-6"/>
      </object_component>
      <object_component id="oc-d0">
         <name>.debug_line</name>
         <load_address>0x105d</load_address>
         <run_address>0x105d</run_address>
         <size>0xaf</size>
         <input_file_ref idref="fl-6"/>
      </object_component>
      <object_component id="oc-6c">
         <name>.debug_line</name>
         <load_address>0x110c</load_address>
         <run_address>0x110c</run_address>
         <size>0x41</size>
         <input_file_ref idref="fl-7"/>
      </object_component>
      <object_component id="oc-2b">
         <name>.debug_line</name>
         <load_address>0x114d</load_address>
         <run_address>0x114d</run_address>
         <size>0x41</size>
         <input_file_ref idref="fl-7"/>
      </object_component>
      <object_component id="oc-28">
         <name>.debug_line</name>
         <load_address>0x118e</load_address>
         <run_address>0x118e</run_address>
         <size>0xa1</size>
         <input_file_ref idref="fl-7"/>
      </object_component>
      <object_component id="oc-339">
         <name>.debug_line</name>
         <load_address>0x122f</load_address>
         <run_address>0x122f</run_address>
         <size>0x94</size>
         <input_file_ref idref="fl-c2"/>
      </object_component>
      <object_component id="oc-233">
         <name>.debug_line</name>
         <load_address>0x12c3</load_address>
         <run_address>0x12c3</run_address>
         <size>0x12d</size>
         <input_file_ref idref="fl-c2"/>
      </object_component>
      <object_component id="oc-336">
         <name>.debug_line</name>
         <load_address>0x13f0</load_address>
         <run_address>0x13f0</run_address>
         <size>0x9d</size>
         <input_file_ref idref="fl-c2"/>
      </object_component>
      <object_component id="oc-2e8">
         <name>.debug_line</name>
         <load_address>0x148d</load_address>
         <run_address>0x148d</run_address>
         <size>0x9a</size>
         <input_file_ref idref="fl-c2"/>
      </object_component>
      <object_component id="oc-167">
         <name>.debug_line</name>
         <load_address>0x1527</load_address>
         <run_address>0x1527</run_address>
         <size>0xd2</size>
         <input_file_ref idref="fl-c3"/>
      </object_component>
      <object_component id="oc-220">
         <name>.debug_line</name>
         <load_address>0x15f9</load_address>
         <run_address>0x15f9</run_address>
         <size>0x77</size>
         <input_file_ref idref="fl-c4"/>
      </object_component>
      <object_component id="oc-225">
         <name>.debug_line</name>
         <load_address>0x1670</load_address>
         <run_address>0x1670</run_address>
         <size>0x77</size>
         <input_file_ref idref="fl-c4"/>
      </object_component>
      <object_component id="oc-f8">
         <name>.debug_line</name>
         <load_address>0x16e7</load_address>
         <run_address>0x16e7</run_address>
         <size>0xa8</size>
         <input_file_ref idref="fl-c5"/>
      </object_component>
      <object_component id="oc-fd">
         <name>.debug_line</name>
         <load_address>0x178f</load_address>
         <run_address>0x178f</run_address>
         <size>0x8e</size>
         <input_file_ref idref="fl-c6"/>
      </object_component>
      <object_component id="oc-102">
         <name>.debug_line</name>
         <load_address>0x181d</load_address>
         <run_address>0x181d</run_address>
         <size>0x67</size>
         <input_file_ref idref="fl-c7"/>
      </object_component>
      <object_component id="oc-16c">
         <name>.debug_line</name>
         <load_address>0x1884</load_address>
         <run_address>0x1884</run_address>
         <size>0x59</size>
         <input_file_ref idref="fl-c8"/>
      </object_component>
      <object_component id="oc-ee">
         <name>.debug_line</name>
         <load_address>0x18dd</load_address>
         <run_address>0x18dd</run_address>
         <size>0x57</size>
         <input_file_ref idref="fl-c9"/>
      </object_component>
      <object_component id="oc-f3">
         <name>.debug_line</name>
         <load_address>0x1934</load_address>
         <run_address>0x1934</run_address>
         <size>0x50</size>
         <input_file_ref idref="fl-ca"/>
      </object_component>
      <object_component id="oc-162">
         <name>.debug_line</name>
         <load_address>0x1984</load_address>
         <run_address>0x1984</run_address>
         <size>0x4c</size>
         <input_file_ref idref="fl-cb"/>
      </object_component>
      <object_component id="oc-bd">
         <name>.debug_line</name>
         <load_address>0x19d0</load_address>
         <run_address>0x19d0</run_address>
         <size>0x95</size>
         <input_file_ref idref="fl-cc"/>
      </object_component>
      <object_component id="oc-4e">
         <name>.debug_line</name>
         <load_address>0x1a65</load_address>
         <run_address>0x1a65</run_address>
         <size>0x4f</size>
         <input_file_ref idref="fl-cc"/>
      </object_component>
      <object_component id="oc-89">
         <name>.debug_line</name>
         <load_address>0x1ab4</load_address>
         <run_address>0x1ab4</run_address>
         <size>0x34</size>
         <input_file_ref idref="fl-cc"/>
      </object_component>
      <object_component id="oc-84">
         <name>.debug_line</name>
         <load_address>0x1ae8</load_address>
         <run_address>0x1ae8</run_address>
         <size>0x20</size>
         <input_file_ref idref="fl-cd"/>
      </object_component>
      <object_component id="oc-1c">
         <name>.debug_line</name>
         <load_address>0x1b08</load_address>
         <run_address>0x1b08</run_address>
         <size>0x55</size>
         <input_file_ref idref="fl-cd"/>
      </object_component>
      <object_component id="oc-41">
         <name>.debug_line</name>
         <load_address>0x1b5d</load_address>
         <run_address>0x1b5d</run_address>
         <size>0x3a</size>
         <input_file_ref idref="fl-cd"/>
      </object_component>
      <object_component id="oc-81">
         <name>.debug_line</name>
         <load_address>0x1b97</load_address>
         <run_address>0x1b97</run_address>
         <size>0x95</size>
         <input_file_ref idref="fl-cd"/>
      </object_component>
      <object_component id="oc-b6">
         <name>.debug_line</name>
         <load_address>0x1c2c</load_address>
         <run_address>0x1c2c</run_address>
         <size>0x20</size>
         <input_file_ref idref="fl-ce"/>
      </object_component>
      <object_component id="oc-16">
         <name>.debug_line</name>
         <load_address>0x1c4c</load_address>
         <run_address>0x1c4c</run_address>
         <size>0xa9</size>
         <input_file_ref idref="fl-ce"/>
      </object_component>
      <object_component id="oc-31">
         <name>.debug_line</name>
         <load_address>0x1cf5</load_address>
         <run_address>0x1cf5</run_address>
         <size>0x3a</size>
         <input_file_ref idref="fl-ce"/>
      </object_component>
      <object_component id="oc-b3">
         <name>.debug_line</name>
         <load_address>0x1d2f</load_address>
         <run_address>0x1d2f</run_address>
         <size>0x9d</size>
         <input_file_ref idref="fl-ce"/>
      </object_component>
      <object_component id="oc-7a">
         <name>.debug_line</name>
         <load_address>0x1dcc</load_address>
         <run_address>0x1dcc</run_address>
         <size>0x99</size>
         <input_file_ref idref="fl-ce"/>
      </object_component>
      <object_component id="oc-356">
         <name>.debug_line</name>
         <load_address>0x1e65</load_address>
         <run_address>0x1e65</run_address>
         <size>0x20</size>
         <input_file_ref idref="fl-cf"/>
      </object_component>
      <object_component id="oc-354">
         <name>.debug_line</name>
         <load_address>0x1e85</load_address>
         <run_address>0x1e85</run_address>
         <size>0x2b</size>
         <input_file_ref idref="fl-cf"/>
      </object_component>
      <object_component id="oc-2e2">
         <name>.debug_line</name>
         <load_address>0x1eb0</load_address>
         <run_address>0x1eb0</run_address>
         <size>0x40</size>
         <input_file_ref idref="fl-cf"/>
      </object_component>
      <object_component id="oc-69">
         <name>.debug_line</name>
         <load_address>0x1ef0</load_address>
         <run_address>0x1ef0</run_address>
         <size>0x33</size>
         <input_file_ref idref="fl-d0"/>
      </object_component>
      <object_component id="oc-5b">
         <name>.debug_line</name>
         <load_address>0x1f23</load_address>
         <run_address>0x1f23</run_address>
         <size>0x45</size>
         <input_file_ref idref="fl-d0"/>
      </object_component>
      <object_component id="oc-3c">
         <name>.debug_line</name>
         <load_address>0x1f68</load_address>
         <run_address>0x1f68</run_address>
         <size>0x88</size>
         <input_file_ref idref="fl-d1"/>
      </object_component>
      <object_component id="oc-90">
         <name>.debug_line</name>
         <load_address>0x1ff0</load_address>
         <run_address>0x1ff0</run_address>
         <size>0x79</size>
         <input_file_ref idref="fl-d2"/>
      </object_component>
[...]
         <object_component_ref idref="oc-103"/>
      </symbol>
      <symbol id="sm-232">
         <name>steps1ToGo</name>
         <value>0x20002ff0</value>
         <object_component_ref idref="oc-103"/>
      </symbol>
      <symbol id="sm-233">
         <name>oldstep</name>
         <value>0x20002ffc</value>
         <object_component_ref idref="oc-103"/>
      </symbol>
      <symbol id="sm-234">
         <name>rising_edge1</name>
         <value>0x2000303c</value>
         <object_component_ref idref="oc-103"/>
      </symbol>
      <symbol id="sm-235">
         <name>rising_edge2</name>
         <value>0x20003044</value>
         <object_component_ref idref="oc-103"/>
      </symbol>
      <symbol id="sm-236">
         <name>rising_edge3</name>
         <value>0x2000304c</value>
         <object_component_ref idref="oc-103"/>
      </symbol>
      <symbol id="sm-237">
         <name>Timer_Init</name>
         <value>0x14d9</value>
         <object_component_ref idref="oc-d2"/>
      </symbol>
      <symbol id="sm-238">
         <name>Interrupt_Handler4</name>
         <value>0x1459</value>
         <object_component_ref idref="oc-d2"/>
      </symbol>
      <symbol id="sm-239">
         <name>Interrupt_Handler5</name>
         <value>0x146b</value>
         <object_component_ref idref="oc-d2"/>
      </symbol>
      <symbol id="sm-23a">
         <name>Interrupt_Handler6</name>
         <value>0x1489</value>
         <object_component_ref idref="oc-d2"/>
      </symbol>
      <symbol id="sm-23b">
         <name>microStep</name>
         <value>0x20003074</value>
         <object_component_ref idref="oc-103"/>
      </symbol>
      <symbol id="sm-23c">
         <name>Interrupt_Handler1</name>
         <value>0x140f</value>
         <object_component_ref idref="oc-d2"/>
      </symbol>
      <symbol id="sm-23d">
         <name>Interrupt_Handler2</name>
         <value>0x142b</value>
         <object_component_ref idref="oc-d2"/>
      </symbol>
      <symbol id="sm-23e">
         <name>Interrupt_Handler3</name>
         <value>0x143d</value>
         <object_component_ref idref="oc-d2"/>
      </symbol>
      <symbol id="sm-23f">
         <name>oldstep2</name>
         <value>0x20003000</value>
         <object_component_ref idref="oc-103"/>
      </symbol>
      <symbol id="sm-240">
         <name>oldstep3</name>
         <value>0x20003004</value>
         <object_component_ref idref="oc-103"/>
      </symbol>
      <symbol id="sm-241">
         <name>Ports_Init</name>
         <value>0x1339</value>
         <object_component_ref idref="oc-d2"/>
      </symbol>
      <symbol id="sm-242">
         <name>time1</name>
         <value>0x20002fe4</value>
         <object_component_ref idref="oc-103"/>
      </symbol>
      <symbol id="sm-243">
         <name>time3</name>
         <value>0x20002fe8</value>
         <object_component_ref idref="oc-103"/>
      </symbol>
      <symbol id="sm-244">
         <name>time5</name>
         <value>0x20002fec</value>
         <object_component_ref idref="oc-103"/>
      </symbol>
      <symbol id="sm-245">
         <name>InitI2C0</name>
         <value>0x1279</value>
         <object_component_ref idref="oc-d2"/>
      </symbol>
      <symbol id="sm-246">
         <name>I2C_servo_first</name>
         <value>0x20003070</value>
         <object_component_ref idref="oc-103"/>
      </symbol>
      <symbol id="sm-247">
         <name>homingPath</name>
         <value>0x20002ee8</value>
         <object_component_ref idref="oc-238"/>
      </symbol>
      <symbol id="sm-248">
         <name>oldSpeed1</name>
         <value>0x20003018</value>
         <object_component_ref idref="oc-103"/>
      </symbol>
      <symbol id="sm-249">
         <name>oldSpeed2</name>
         <value>0x2000301c</value>
         <object_component_ref idref="oc-103"/>
      </symbol>
      <symbol id="sm-24a">
         <name>oldSpeed3</name>
         <value>0x20003020</value>
         <object_component_ref idref="oc-103"/>
      </symbol>
      <symbol id="sm-24b">
         <name>microStepInit</name>
         <value>0x1711</value>
         <object_component_ref idref="oc-d2"/>
      </symbol>
      <symbol id="sm-24c">
         <name>TimeSlice</name>
         <value>0x2000305c</value>
         <object_component_ref idref="oc-103"/>
      </symbol>
      <symbol id="sm-24d">
         <name>suctionStopIndex</name>
         <value>0x20003064</value>
         <object_component_ref idref="oc-103"/>
      </symbol>
      <symbol id="sm-24e">
         <name>motor3globalsteps</name>
         <value>0x20003038</value>
         <object_component_ref idref="oc-103"/>
      </symbol>
      <symbol id="sm-24f">
         <name>path_iterator</name>
         <value>0x20003054</value>
         <object_component_ref idref="oc-103"/>
      </symbol>
      <symbol id="sm-250">
         <name>init_PWM</name>
         <value>0x12c5</value>
         <object_component_ref idref="oc-d2"/>
      </symbol>
      <symbol id="sm-251">
         <name>first</name>
         <value>0x20003058</value>
         <object_component_ref idref="oc-103"/>
      </symbol>
      <symbol id="sm-252">
         <name>accelerating2</name>
         <value>0x2000300c</value>
         <object_component_ref idref="oc-103"/>
      </symbol>
      <symbol id="sm-253">
         <name>accelerating3</name>
         <value>0x20003010</value>
         <object_component_ref idref="oc-103"/>
      </symbol>
      <symbol id="sm-254">
         <name>accelerating1</name>
         <value>0x20003008</value>
         <object_component_ref idref="oc-103"/>
      </symbol>
      <symbol id="sm-255">
         <name>falling_edge3</name>
         <value>0x20003050</value>
         <object_component_ref idref="oc-103"/>
      </symbol>
      <symbol id="sm-256">
         <name>falling_edge2</name>
         <value>0x20003048</value>
         <object_component_ref idref="oc-103"/>
      </symbol>
      <symbol id="sm-257">
         <name>falling_edge1</name>
         <value>0x20003040</value>
         <object_component_ref idref="oc-103"/>
      </symbol>
      <symbol id="sm-258">
         <name>suctionStartIndex</name>
         <value>0x20003060</value>
         <object_component_ref idref="oc-103"/>
      </symbol>
      <symbol id="sm-259">
         <name>steps3ToGo</name>
         <value>0x20002ff8</value>
         <object_component_ref idref="oc-103"/>
      </symbol>
      <symbol id="sm-25a">
         <name>motor1globalsteps</name>
         <value>0x20003030</value>
         <object_component_ref idref="oc-103"/>
      </symbol>
      <symbol id="sm-289">
         <name>main</name>
         <value>0x18a9</value>
         <object_component_ref idref="oc-98"/>
      </symbol>
      <symbol id="sm-2ae">
         <name>servoActuation</name>
         <value>0x2131</value>
         <object_component_ref idref="oc-cc"/>
      </symbol>
      <symbol id="sm-2af">
         <name>PWM_DividerGet</name>
         <value>0x21bd</value>
         <object_component_ref idref="oc-cc"/>
      </symbol>
      <symbol id="sm-2b0">
         <name>pulseDurationComputation</name>
         <value>0x2229</value>
         <object_component_ref idref="oc-cc"/>
      </symbol>
      <symbol id="sm-2cc">
         <name>ResetISR</name>
         <value>0x3203</value>
         <object_component_ref idref="oc-24"/>
      </symbol>
      <symbol id="sm-2cd">
         <name>g_pfnVectors</name>
         <value>0x0</value>
         <object_component_ref idref="oc-f"/>
      </symbol>
      <symbol id="sm-2f9">
         <name>sqrtl</name>
         <value>0x22a5</value>
         <object_component_ref idref="oc-22f"/>
      </symbol>
      <symbol id="sm-2fa">
         <name>sqrt</name>
         <value>0x22a5</value>
         <object_component_ref idref="oc-22f"/>
      </symbol>
      <symbol id="sm-311">
         <name>__aeabi_dsub</name>
         <value>0x1f79</value>
         <object_component_ref idref="oc-163"/>
      </symbol>
      <symbol id="sm-312">
         <name>__aeabi_dadd</name>
         <value>0x1f83</value>
         <object_component_ref idref="oc-163"/>
      </symbol>
      <symbol id="sm-334">
         <name>__aeabi_cdcmpeq</name>
         <value>0x2a01</value>
         <object_component_ref idref="oc-21c"/>
      </symbol>
      <symbol id="sm-335">
         <name>__aeabi_cdcmple</name>
         <value>0x2a01</value>
         <object_component_ref idref="oc-21c"/>
      </symbol>
      <symbol id="sm-336">
         <name>__aeabi_cdrcmple</name>
         <value>0x2a87</value>
         <object_component_ref idref="oc-221"/>
      </symbol>
      <symbol id="sm-34a">
         <name>__aeabi_ddiv</name>
         <value>0x23fd</value>
         <object_component_ref idref="oc-f4"/>
      </symbol>
      <symbol id="sm-355">
         <name>__aeabi_dmul</name>
         <value>0x2775</value>
         <object_component_ref idref="oc-f9"/>
      </symbol>
      <symbol id="sm-361">
         <name>__aeabi_d2f</name>
         <value>0x2b87</value>
         <object_component_ref idref="oc-fe"/>
      </symbol>
      <symbol id="sm-36b">
         <name>__aeabi_d2uiz</name>
         <value>0x2ea1</value>
         <object_component_ref idref="oc-168"/>
      </symbol>
      <symbol id="sm-376">
         <name>__aeabi_f2d</name>
         <value>0x2f1d</value>
         <object_component_ref idref="oc-ea"/>
      </symbol>
      <symbol id="sm-380">
         <name>__aeabi_i2d</name>
         <value>0x2ff1</value>
         <object_component_ref idref="oc-ef"/>
      </symbol>
      <symbol id="sm-38a">
         <name>__aeabi_ui2d</name>
         <value>0x306b</value>
         <object_component_ref idref="oc-15e"/>
      </symbol>
      <symbol id="sm-39c">
         <name>__TI_zero_init</name>
         <value>0x31f7</value>
         <object_component_ref idref="oc-4a"/>
      </symbol>
      <symbol id="sm-3b3">
         <name>__TI_decompress_none</name>
         <value>0x31c5</value>
         <object_component_ref idref="oc-18"/>
      </symbol>
      <symbol id="sm-3d6">
         <name>__TI_decompress_lzss</name>
         <value>0x2c5d</value>
         <object_component_ref idref="oc-12"/>
      </symbol>
      <symbol id="sm-3ec">
         <name>__aeabi_errno_addr</name>
         <value>0x3221</value>
         <object_component_ref idref="oc-2de"/>
      </symbol>
      <symbol id="sm-3ed">
         <name>errno</name>
         <value>0x20003078</value>
         <object_component_ref idref="oc-32e"/>
      </symbol>
      <symbol id="sm-400">
         <name>__stack</name>
         <value>0x20002ce8</value>
         <object_component_ref idref="oc-21"/>
      </symbol>
      <symbol id="sm-401">
         <name>_c_int00_noargs</name>
         <value>0x2fbd</value>
         <object_component_ref idref="oc-56"/>
      </symbol>
      <symbol id="sm-41c">
         <name>memcpy</name>
         <value>0x2965</value>
         <object_component_ref idref="oc-38"/>
      </symbol>
      <symbol id="sm-41d">
         <name>__aeabi_memcpy</name>
         <value>0x2965</value>
         <object_component_ref idref="oc-38"/>
      </symbol>
      <symbol id="sm-41e">
         <name>__aeabi_memcpy8</name>
         <value>0x2965</value>
         <object_component_ref idref="oc-38"/>
      </symbol>
      <symbol id="sm-41f">
         <name>__aeabi_memcpy4</name>
         <value>0x2965</value>
         <object_component_ref idref="oc-38"/>
      </symbol>
      <symbol id="sm-42e">
         <name>__aeabi_memset</name>
         <value>0x2b0f</value>
         <object_component_ref idref="oc-8c"/>
      </symbol>
      <symbol id="sm-42f">
         <name>memset</name>
         <value>0x2b15</value>
         <object_component_ref idref="oc-8c"/>
      </symbol>
      <symbol id="sm-430">
         <name>__aeabi_memset8</name>
         <value>0x2b0f</value>
         <object_component_ref idref="oc-8c"/>
      </symbol>
      <symbol id="sm-431">
         <name>__aeabi_memset4</name>
         <value>0x2b0f</value>
         <object_component_ref idref="oc-8c"/>
      </symbol>
      <symbol id="sm-432">
         <name>__aeabi_memclr8</name>
         <value>0x2b0d</value>
         <object_component_ref idref="oc-8c"/>
      </symbol>
      <symbol id="sm-433">
         <name>__aeabi_memclr4</name>
         <value>0x2b0d</value>
         <object_component_ref idref="oc-8c"/>
      </symbol>
      <symbol id="sm-434">
         <name>__aeabi_memclr</name>
         <value>0x2b0d</value>
         <object_component_ref idref="oc-8c"/>
      </symbol>
      <symbol id="sm-45c">
         <name>__TI_auto_init_nobinit_nopinit</name>
         <value>0x2e5d</value>
         <object_component_ref idref="oc-121"/>
      </symbol>
      <symbol id="sm-466">
         <name>_system_pre_init</name>
         <value>0x324b</value>
         <object_component_ref idref="oc-92"/>
      </symbol>
      <symbol id="sm-472">
         <name>C$$EXIT</name>
         <value>0x324f</value>
         <object_component_ref idref="oc-115"/>
      </symbol>
      <symbol id="sm-473">
         <name>abort</name>
         <value>0x324f</value>
         <object_component_ref idref="oc-115"/>
      </symbol>
      <symbol id="sm-4dc">
         <name>GPIOPinTypePWM</name>
         <value>0x3153</value>
         <object_component_ref idref="oc-1d9"/>
      </symbol>
      <symbol id="sm-4dd">
         <name>GPIOPinConfigure</name>
         <value>0x2e15</value>
         <object_component_ref idref="oc-191"/>
      </symbol>
      <symbol id="sm-4de">
         <name>GPIOPinTypeI2CSCL</name>
         <value>0x3141</value>
         <object_component_ref idref="oc-197"/>
      </symbol>
      <symbol id="sm-4df">
         <name>GPIOPinTypeI2C</name>
         <value>0x312f</value>
         <object_component_ref idref="oc-19d"/>
      </symbol>
      <symbol id="sm-4e0">
         <name>GPIOPinTypeGPIOInput</name>
         <value>0x311d</value>
         <object_component_ref idref="oc-1df"/>
      </symbol>
      <symbol id="sm-4e1">
         <name>GPIOPinTypeGPIOOutput</name>
         <value>0x30a9</value>
         <object_component_ref idref="oc-1d3"/>
      </symbol>
      <symbol id="sm-4e2">
         <name>GPIOPinRead</name>
         <value>0x3229</value>
         <object_component_ref idref="oc-20a"/>
      </symbol>
      <symbol id="sm-4e3">
         <name>GPIODirModeSet</name>
         <value>0x301f</value>
         <object_component_ref idref="oc-29b"/>
      </symbol>
      <symbol id="sm-4e4">
         <name>GPIOPinWrite</name>
         <value>0x322f</value>
         <object_component_ref idref="oc-d8"/>
      </symbol>
      <symbol id="sm-4e5">
         <name>GPIOPadConfigSet</name>
         <value>0x2533</value>
         <object_component_ref idref="oc-2a1"/>
      </symbol>
      <symbol id="sm-51a">
         <name>I2CSlaveIntClear</name>
         <value>0x320f</value>
         <object_component_ref idref="oc-242"/>
      </symbol>
      <symbol id="sm-51b">
         <name>I2CSlaveIntEnableEx</name>
         <value>0x31d3</value>
         <object_component_ref idref="oc-1a3"/>
      </symbol>
      <symbol id="sm-51c">
         <name>I2CSlaveDataGet</name>
         <value>0x3235</value>
         <object_component_ref idref="oc-248"/>
      </symbol>
      <symbol id="sm-51d">
         <name>I2CSlaveEnable</name>
         <value>0x3189</value>
         <object_component_ref idref="oc-2ab"/>
      </symbol>
      <symbol id="sm-51e">
         <name>I2CSlaveStatus</name>
         <value>0x323b</value>
         <object_component_ref idref="oc-23c"/>
      </symbol>
      <symbol id="sm-51f">
         <name>I2CSlaveInit</name>
         <value>0x31a9</value>
         <object_component_ref idref="oc-1a9"/>
      </symbol>
      <symbol id="sm-558">
         <name>IntEnable</name>
         <value>0x2bf5</value>
         <object_component_ref idref="oc-2cf"/>
      </symbol>
      <symbol id="sm-559">
         <name>IntRegister</name>
         <value>0x2f55</value>
         <object_component_ref idref="oc-2c9"/>
      </symbol>
      <symbol id="sm-55a">
         <name>g_pfnRAMVectors</name>
         <value>0x20000000</value>
         <object_component_ref idref="oc-325"/>
      </symbol>
      <symbol id="sm-58f">
         <name>PWMGenPeriodSet</name>
         <value>0x3199</value>
         <object_component_ref idref="oc-1c1"/>
      </symbol>
      <symbol id="sm-590">
         <name>PWMGenDisable</name>
         <value>0x31df</value>
         <object_component_ref idref="oc-1af"/>
      </symbol>
      <symbol id="sm-591">
         <name>PWMPulseWidthSet</name>
         <value>0x308b</value>
         <object_component_ref idref="oc-16d"/>
      </symbol>
      <symbol id="sm-592">
         <name>PWMOutputState</name>
         <value>0x3165</value>
         <object_component_ref idref="oc-1cd"/>
      </symbol>
      <symbol id="sm-593">
         <name>PWMGenEnable</name>
         <value>0x31eb</value>
         <object_component_ref idref="oc-1c7"/>
      </symbol>
      <symbol id="sm-594">
         <name>PWMGenConfigure</name>
         <value>0x3049</value>
         <object_component_ref idref="oc-1bb"/>
      </symbol>
      <symbol id="sm-611">
         <name>SysCtlClockSet</name>
         <value>0x2871</value>
         <object_component_ref idref="oc-c0"/>
      </symbol>
      <symbol id="sm-612">
         <name>SysCtlPWMClockGet</name>
         <value>0x30c1</value>
         <object_component_ref idref="oc-173"/>
      </symbol>
      <symbol id="sm-613">
         <name>SysCtlDelay</name>
         <value>0x3241</value>
         <object_component_ref idref="oc-155"/>
      </symbol>
      <symbol id="sm-614">
         <name>SysCtlPeripheralEnable</name>
         <value>0x2f89</value>
         <object_component_ref idref="oc-17f"/>
      </symbol>
      <symbol id="sm-615">
         <name>SysCtlClockGet</name>
         <value>0x2665</value>
         <object_component_ref idref="oc-1b5"/>
      </symbol>
      <symbol id="sm-616">
         <name>SysCtlPWMClockSet</name>
         <value>0x3109</value>
         <object_component_ref idref="oc-c6"/>
      </symbol>
      <symbol id="sm-617">
         <name>SysCtlPeripheralReady</name>
         <value>0x2ee5</value>
         <object_component_ref idref="oc-185"/>
      </symbol>
      <symbol id="sm-618">
         <name>SysCtlPeripheralReset</name>
         <value>0x2d79</value>
         <object_component_ref idref="oc-18b"/>
      </symbol>
      <symbol id="sm-67d">
         <name>TimerLoadSet</name>
         <value>0x3177</value>
         <object_component_ref idref="oc-1f8"/>
      </symbol>
      <symbol id="sm-67e">
         <name>TimerDisable</name>
         <value>0x30d9</value>
         <object_component_ref idref="oc-1ec"/>
      </symbol>
      <symbol id="sm-67f">
         <name>TimerIntRegister</name>
         <value>0x30f1</value>
         <object_component_ref idref="oc-1fe"/>
      </symbol>
      <symbol id="sm-680">
         <name>TimerEnable</name>
         <value>0x31b7</value>
         <object_component_ref idref="oc-226"/>
      </symbol>
      <symbol id="sm-681">
         <name>TimerIntEnable</name>
         <value>0x3217</value>
         <object_component_ref idref="oc-204"/>
      </symbol>
      <symbol id="sm-682">
         <name>TimerConfigure</name>
         <value>0x2cc5</value>
         <object_component_ref idref="oc-1f2"/>
      </symbol>
      <symbol id="sm-683">
         <name>TimerIntClear</name>
         <value>0x3247</value>
         <object_component_ref idref="oc-1e5"/>
      </symbol>
      <symbol id="sm-685">
         <name>__TI_static_base__</name>
         <value>0x0</value>
      </symbol>
      <symbol id="sm-688">
         <name>__mpu_init</name>
         <value>0x0</value>
      </symbol>
      <symbol id="sm-689">
         <name>_system_post_cinit</name>
         <value>0x0</value>
      </symbol>
   </symbol_table>
   <title>Link successful</title>
</link_info>
